[Licensing::Module] Trying to connect to existing licensing client channel...
Built from '6000.5/staging' branch; Version is '6000.5.6f1 (0e0577a1a2ac) revision 918903'; Using compiler version '194234433'; Build Type 'Release'
[Licensing::IpcConnector] Successfully connected to: "LicenseClient-Jenso" at "2026-07-30T14:53:47.388991Z"
OS: 'Windows 11  (10.0.26200) Core' Language: 'en' Physical Memory: 7518 MB
BatchMode: 1, IsHumanControllingUs: 0, StartBugReporterOnCrash: 0, Is64bit: 1
System  architecture: x64
Process architecture: x64
Date: 2026-07-30T14:53:47Z

COMMAND LINE ARGUMENTS:
C:\Program Files\Unity\Hub\Editor\6000.5.6f1\Editor\Unity.exe
-adb2
-batchMode
-noUpm
-name
AssetImportWorkerHW0
-projectPath
C:/Users/Jenso/OneDrive/Documents/GitHub/Open-World-Game
-logFile
Logs/AssetImportWorkerHW0.log
-srvPort
63673
-parentPid
5432
-analyticsCloudUserId
anonymous
-analyticsLocalProjectId
871842fa24a5f2d4cae4e5dc73082a36
-editorAnalyticsEnabled
1
-cbmEditorLicense
4b2c9e7b8acb28b96c1f628c8d0e5f6b627b6acb
-cbmMachineId
6p94kqasDlUFSYHonAQip4tjKMU=
-licensingIpc
LicenseClient-Jenso
-noDiagnosticSwitchPersistentStore
-job-worker-count
5
-background-job-worker-count
8
-asset-garbage-collectors
1
-force-d3d12
-name
AssetImport
Successfully changed project path to: C:/Users/Jenso/OneDrive/Documents/GitHub/Open-World-Game
C:/Users/Jenso/OneDrive/Documents/GitHub/Open-World-Game
[UnityMemory] Configuration Parameters - Can be set up in boot.config
    "memorysetup-temp-allocator-size-gi-baking-worker=262144"
    "memorysetup-temp-allocator-size-gi-baking-worker=262144"
    "memorysetup-temp-allocator-size-gi-baking-worker=262144"
    "memorysetup-temp-allocator-size-gi-baking-worker=262144"
    "memorysetup-temp-allocator-size-gi-baking-worker=262144"
    "memorysetup-temp-allocator-size-nav-mesh-worker=65536"
    "memorysetup-temp-allocator-size-audio-worker=65536"
    "memorysetup-temp-allocator-size-cloud-worker=32768"
    "memorysetup-temp-allocator-size-gfx=262144"
    "memorysetup-temp-allocator-size-preload-manager=33554432"
    "memorysetup-allocator-temp-initial-block-size-main=262144"
    "memorysetup-allocator-temp-initial-block-size-worker=262144"
    "memorysetup-temp-allocator-size-job-worker=262144"
    "memorysetup-temp-allocator-size-background-worker=32768"
    "memorysetup-bucket-allocator-granularity=16"
    "memorysetup-bucket-allocator-bucket-count=8"
    "memorysetup-bucket-allocator-block-size=33554432"
    "memorysetup-bucket-allocator-block-count=8"
    "memorysetup-main-allocator-block-size=16777216"
    "memorysetup-thread-allocator-block-size=16777216"
    "memorysetup-main-allocator-mimalloc-enabled=0"
    "memorysetup-gfx-main-allocator-block-size=16777216"
    "memorysetup-gfx-thread-allocator-block-size=16777216"
    "memorysetup-cache-allocator-block-size=4194304"
    "memorysetup-typetree-allocator-block-size=2097152"
    "memorysetup-profiler-bucket-allocator-granularity=16"
    "memorysetup-profiler-bucket-allocator-bucket-count=8"
    "memorysetup-profiler-bucket-allocator-block-size=33554432"
    "memorysetup-profiler-bucket-allocator-block-count=8"
    "memorysetup-profiler-allocator-block-size=16777216"
    "memorysetup-profiler-editor-allocator-block-size=1048576"
    "memorysetup-temp-allocator-size-main=16777216"
    "memorysetup-job-temp-allocator-block-size=2097152"
    "memorysetup-job-temp-allocator-block-size-background=1048576"
    "memorysetup-job-temp-allocator-reduction-small-platforms=262144"
Player connection [16192]  Target information:

Player connection [16192]  * "[IP] 192.168.0.180 [Port] 0 [Flags] 2 [Guid] 1186236997 [EditorId] 1186236997 [Version] 1048832 [Id] WindowsEditor(7,Jenson) [Debug] 1 [PackageName] WindowsEditor [ProjectName] Editor" 

Player connection [16192] Host joined multi-casting on [225.0.0.222:54997]...
Player connection [16192] Host joined alternative multi-casting on [225.0.0.222:34997]...
JobSystem: Creating JobQueue using job-worker-count value 5
Input System module state changed to: Initialized.
[Physics::Module] Initialized fallback backend.
[Physics::Module] Id: 0xdecafbad
Library Redirect Path: Library/
[Physics::Module] Selected backend.
[Physics::Module] Name: PhysX
[Physics::Module] Id: 0xf2b8ea05
[Physics::Module] SDK Version: 4.1.2
[Physics::Module] Integration Version: 1.0.0
[Physics::Module] Threading Mode: Multi-Threaded
Initialize engine version: 6000.5.6f1 (0e0577a1a2ac)
[Subsystems] Discovering subsystems at path C:/Program Files/Unity/Hub/Editor/6000.5.6f1/Editor/Data/Resources/UnitySubsystems
[Subsystems] Discovering subsystems at path C:/Users/Jenso/OneDrive/Documents/GitHub/Open-World-Game/Assets
Forcing GfxDevice: Direct3D 12
GfxDevice: creating device client; kGfxThreadingModeNonThreaded
d3d12: failed to query info queue interface (0x80004002).
Direct3D:
    Version:         Direct3D 12 [level 12.2]
    Renderer:        NVIDIA GeForce RTX 3050 Laptop GPU (ID=0x25a2)
    Vendor:          NVIDIA
    VRAM:            3962 MB
    App VRAM Budget: 3367 MB
    Driver:          32.0.15.9282
Initialize mono
Mono path[0] = 'C:/Program Files/Unity/Hub/Editor/6000.5.6f1/Editor/Data/Managed'
Mono path[1] = 'C:/Program Files/Unity/Hub/Editor/6000.5.6f1/Editor/Data/BCLExtensions/runtime/netstandard2.1'
Mono path[2] = 'C:/Program Files/Unity/Hub/Editor/6000.5.6f1/Editor/Data/MonoBleedingEdge/lib/mono/unityjit-win32'
Mono config path = 'C:/Program Files/Unity/Hub/Editor/6000.5.6f1/Editor/Data/MonoBleedingEdge/etc'
Using monoOptions --debugger-agent=transport=dt_socket,embedding=1,server=y,suspend=n,address=127.0.0.1:56848
CodeReloadManager initialized
Begin MonoManager ReloadAssembly
Registering precompiled unity dll's ...
Register platform support module: C:/Program Files/Unity/Hub/Editor/6000.5.6f1/Editor/Data/PlaybackEngines/WebGLSupport/UnityEditor.WebGL.Extensions.dll
Register platform support module: C:/Program Files/Unity/Hub/Editor/6000.5.6f1/Editor/Data/PlaybackEngines/WindowsStandaloneSupport/UnityEditor.WindowsStandalone.Extensions.dll
Registered in 0.005312 seconds.
[Licensing::Client] Error: HandshakeResponse reported an error:
	ResponseCode: 505
	ResponseStatus: Unsupported protocol version '1.18.1'.
[Licensing::Module] Error: Failed to handshake to channel: "LicenseClient-Jenso"
[Licensing::IpcConnector] LicenseClient-Jenso channel disconnected successfully.
[Licensing::IpcConnector] Successfully connected to: "LicenseClient-Jenso-6000.5.6" at "2026-07-30T14:53:49.1046396Z"
[Licensing::Client] Code 10 while verifying Licensing Client signature (process Id: 35744, path: "C:/Program Files/Unity/Hub/Editor/6000.5.6f1/Editor/Data/Resources/Licensing/Client/Unity.Licensing.Client.exe")
[Licensing::Module] LicensingClient has failed validation; ignoring
[Licensing::Client] Handshaking with LicensingClient:
  Version:                 1.18.1+9fbee8e
  Session Id:              8d29dadf38ed42d7906f67d0183ff3fb
  Correlation Id:          ee593889d796e24ebc5f7c6253b47946
  External correlation Id: 2127885529509248428
  Machine Id:              6p94kqasDlUFSYHonAQip4tjKMU=
[Licensing::Module] Successfully connected to LicensingClient on channel: "LicenseClient-Jenso-6000.5.6" (connect: 0.00s, validation: 0.00s, handshake: 0.01s)
[Licensing::IpcConnector] Successfully connected to: "LicenseClient-Jenso-6000.5.6-notifications" at "2026-07-30T14:53:49.1215548Z"
[Licensing::Module] Licensing Background thread has ended after 1.73s
Native extension for WindowsStandalone target not found
Native extension for WebGL target not found
Package Manager log level set to [2]
[Package Manager] Failed to launch server process. Reason: Unity was launched with the -noUpm command-line argument
[Package Manager] Unable to send message (not connected to server process).
[Package Manager] Cannot connect to Unity Package Manager local server
ScheduleIndexationOnStartup MainProcess:False IndexOnStartup:True
Mono: successfully reloaded assembly
- Finished resetting the current domain, in  0.555 seconds
Domain Reload Profiling: 1681ms
	BeginReloadAssembly (228ms)
	RebuildCommonClasses (8ms)
	RebuildNativeTypeToScriptingClass (24ms)
	initialDomainReloadingComplete (201ms)
	LoadAllAssembliesAndSetupDomain (661ms)
		LoadAssemblies (224ms)
		AnalyzeDomain (520ms)
			TypeCache.Refresh (518ms)
				TypeCache.ScanAssembly (486ms)
	FinalizeReload (559ms)
		SetupLoadedEditorAssemblies (0ms)
			InitializePlatformSupportModulesInManaged (3ms)
			BeforeProcessingInitializeOnLoad (135ms)
			ProcessInitializeOnLoadAttributes (132ms)
			ProcessInitializeOnLoadMethodAttributes (186ms)
Initializing Unity extensions:
[Licensing::Client] Successfully resolved entitlement details
[Licensing::Module] License group:
  Id: 5774094783317-UnityPersXXXX
  Product: Unity Personal
  Type: Assigned
  Expiration: Unlimited
========================================================================
Worker process is ready to serve import requests
Import Worker Mode flag is 0x00
Begin MonoManager ReloadAssembly
Native extension for WindowsStandalone target not found
Native extension for WebGL target not found
[Package Manager] Failed to launch server process. Reason: Unity was launched with the -noUpm command-line argument
[Package Manager] Unable to send message (not connected to server process).
[Package Manager] Cannot connect to Unity Package Manager local server
ScheduleIndexationOnStartup MainProcess:False IndexOnStartup:True
Mono: successfully reloaded assembly
- Finished resetting the current domain, in  0.560 seconds
Domain Reload Profiling: 1105ms
	BeginReloadAssembly (292ms)
		DisableScriptedObjects (12ms)
		CreateAndSetChildDomain (47ms)
	RebuildCommonClasses (11ms)
	RebuildNativeTypeToScriptingClass (19ms)
	initialDomainReloadingComplete (71ms)
	LoadAllAssembliesAndSetupDomain (150ms)
		LoadAssemblies (169ms)
		AnalyzeDomain (15ms)
			TypeCache.Refresh (10ms)
				TypeCache.ScanAssembly (3ms)
			BuildScriptInfoCaches (4ms)
	FinalizeReload (563ms)
		SetupLoadedEditorAssemblies (0ms)
			InitializePlatformSupportModulesInManaged (3ms)
			BeforeProcessingInitializeOnLoad (132ms)
			ProcessInitializeOnLoadAttributes (107ms)
			ProcessInitializeOnLoadMethodAttributes (87ms)
			AfterProcessingInitializeOnLoad (14ms)
		AwakeInstancesAfterBackupRestoration (5ms)
AcceleratorClientConnectionCallback - disconnected - :0
Launched and connected shader compiler UnityShaderCompiler.exe after 0.03 seconds
Unloading 0 Unused Serialized files (Serialized files now loaded: 0)
Curl error 3: URL rejected: Malformed input to a URL function
Unloading 64 unused Assets / (30.4 KB). Loaded Objects now: 680.
Memory consumption went from 161.6 MB to 161.6 MB.
Total: 7.277700 ms (FindLiveObjects: 0.061200 ms CreateObjectMapping: 0.022400 ms MarkObjects: 6.648600 ms  DeleteObjects: 0.538900 ms)

========================================================================
Received Import Request.
  Time of request: 2026-07-30T14:53:55.4625706Z
  Time since last request: 114645.8330011000071 seconds.
  importAddress: GUID: a4998ef81ee19b445b0068a65d9e99a2 - Path: Assets/Tree_Textures - Importer: PreviewImporter
Importing 'GUID: a4998ef81ee19b445b0068a65d9e99a2 - Path: Assets/Tree_Textures - Importer: PreviewImporter' with importer (PreviewImporter)
Imported 'GUID: a4998ef81ee19b445b0068a65d9e99a2' -> (Import Result ID: 'f67df93a086e11a0c51a28fce19eb9f0') in 0.014 seconds [static and dynamic dependencies]. Details - ImportResultOutputID=99b5c60c881b41951890b3eea305e15b DependenciesID=7c13f3b5e794ea88f4453513f5627b19 StaticDependenciesID=80f43d3f76e3f85a1562416ece12c74d 
Number of updated asset objects reloaded before import = 0
Number of asset objects unloaded after import = 0
========================================================================
Received Import Request.
  Time of request: 2026-07-30T14:53:55.5809425Z
  Time since last request: 0.1030693 seconds.
  importAddress: GUID: a676ce5e97bcdba4aa9c54772f1c640b - Path: Assets/Tree_Textures/diffuse.png - Importer: PreviewImporter
Importing 'GUID: a676ce5e97bcdba4aa9c54772f1c640b - Path: Assets/Tree_Textures/diffuse.png - Importer: PreviewImporter' with importer (PreviewImporter)
Imported 'GUID: a676ce5e97bcdba4aa9c54772f1c640b' -> (Import Result ID: '318bc0200d175506c466d455d57b3b73') in 0.129 seconds [static and dynamic dependencies]. Details - ImportResultOutputID=8f9e7e0e7545c1041c869b92884b1a97 DependenciesID=7e3067ad379fef50479deb982076cd8e StaticDependenciesID=daf30ae067d973992ce5c643ba80b855 
Number of updated asset objects reloaded before import = 0
Number of asset objects unloaded after import = 2
========================================================================
Received Import Request.
  Time of request: 2026-07-30T14:53:55.7113035Z
  Time since last request: 0.0006873 seconds.
  importAddress: GUID: 402a85ecffaa6964cae46384dc99263e - Path: Assets/Tree_Textures/shadow.png - Importer: PreviewImporter
Importing 'GUID: 402a85ecffaa6964cae46384dc99263e - Path: Assets/Tree_Textures/shadow.png - Importer: PreviewImporter' with importer (PreviewImporter)
Imported 'GUID: 402a85ecffaa6964cae46384dc99263e' -> (Import Result ID: '21886ca792f6c71d5c98bc5b64b136d9') in 0.014 seconds [static and dynamic dependencies]. Details - ImportResultOutputID=f0cd4e5552767d4cb86554319d661ff0 DependenciesID=2a4f9dbefad2e9710669ee9d6855ab9c StaticDependenciesID=fd88f1b1416861a1e89446ca237251e0 
Number of updated asset objects reloaded before import = 0
Number of asset objects unloaded after import = 2
========================================================================
Received Import Request.
  Time of request: 2026-07-30T14:53:55.7266541Z
  Time since last request: 0.0006986 seconds.
  importAddress: GUID: ce594381d1774b94c895e0b080b95212 - Path: Assets/Tree_Textures/normal_specular.png - Importer: PreviewImporter
Importing 'GUID: ce594381d1774b94c895e0b080b95212 - Path: Assets/Tree_Textures/normal_specular.png - Importer: PreviewImporter' with importer (PreviewImporter)
Imported 'GUID: ce594381d1774b94c895e0b080b95212' -> (Import Result ID: '15db96cfe9c52d0feb4eb743e3a413b1') in 0.020 seconds [static and dynamic dependencies]. Details - ImportResultOutputID=986d55b39e30e199eda6616f2e3bb8ac DependenciesID=71dddc44bffffbaea020d3ecff0fdc97 StaticDependenciesID=9f463c7b0718fe3dac782ef55c99ec12 
Number of updated asset objects reloaded before import = 0
Number of asset objects unloaded after import = 2
========================================================================
Received Import Request.
  Time of request: 2026-07-30T14:53:55.7485237Z
  Time since last request: 0.001306 seconds.
  importAddress: GUID: d2a1f4fa5985372469df8d7fc423000f - Path: Assets/Tree_Textures/translucency_gloss.png - Importer: PreviewImporter
Importing 'GUID: d2a1f4fa5985372469df8d7fc423000f - Path: Assets/Tree_Textures/translucency_gloss.png - Importer: PreviewImporter' with importer (PreviewImporter)
Imported 'GUID: d2a1f4fa5985372469df8d7fc423000f' -> (Import Result ID: 'dddbe4e6e0e38363dca8da89bde43cd2') in 0.016 seconds [static and dynamic dependencies]. Details - ImportResultOutputID=1ffb5806e5428827baad1c37d426cf87 DependenciesID=fe2b50617d7a98ba528849dfc8232c94 StaticDependenciesID=3110794b791314fbc88ec5b0dbbac56b 
Number of updated asset objects reloaded before import = 0
Number of asset objects unloaded after import = 2
Editor requested this worker to shutdown with reason: Editor is closing down
AcceleratorClientConnectionCallback - disconnected - :0
AssetImportWorker is now disconnected from the server
Process exiting
Exiting without the bug reporter. Application will terminate with return code 0