Built from '6000.5/staging' branch; Version is '6000.5.6f1 (0e0577a1a2ac) revision 918903'; Using compiler version '194234433'; Build Type 'Release'
OS: 'Windows 10  (10.0.19045) 64bit Core' Language: 'en' Physical Memory: 12173 MB
BatchMode: 1, IsHumanControllingUs: 0, StartBugReporterOnCrash: 0, Is64bit: 1
System  architecture: x64
Process architecture: x64
Date: 2026-07-30T13:17:04Z
[Licensing::Module] Trying to connect to existing licensing client channel...
[Licensing::IpcConnector] Successfully connected to: "LicenseClient-Barney" at "2026-07-30T13:17:04.879995Z"

COMMAND LINE ARGUMENTS:
C:\Program Files\Unity\Hub\Editor\6000.5.6f1\Editor\Unity.exe
-adb2
-batchMode
-noUpm
-name
AssetImportWorkerHW0
-projectPath
C:/Users/barna/Documents/home/game with jenson/Open-World-Game
-logFile
Logs/AssetImportWorkerHW0.log
-srvPort
60604
-parentPid
13788
-analyticsCloudUserId
anonymous
-analyticsLocalProjectId
871842fa24a5f2d4cae4e5dc73082a36
-editorAnalyticsEnabled
1
-cbmEditorLicense
ec797fc87f92dc03ab494dd9839200bae28934ef
-cbmMachineId
tboaM/QbslznN7OZqodmjT+Mbv8=
-licensingIpc
LicenseClient-Barney
-noDiagnosticSwitchPersistentStore
-job-worker-count
1
-background-job-worker-count
8
-asset-garbage-collectors
1
-force-d3d12
-name
AssetImport
Successfully changed project path to: C:/Users/barna/Documents/home/game with jenson/Open-World-Game
C:/Users/barna/Documents/home/game with jenson/Open-World-Game
[UnityMemory] Configuration Parameters - Can be set up in boot.config
    "memorysetup-temp-allocator-size-gi-baking-worker=262144"
    "memorysetup-temp-allocator-size-gi-baking-worker=262144"
    "memorysetup-temp-allocator-size-gi-baking-worker=262144"
    "memorysetup-temp-allocator-size-gi-baking-worker=262144"
    "memorysetup-temp-allocator-size-gi-baking-worker=262144"
    "memorysetup-temp-allocator-size-nav-mesh-worker=65536"
    "memorysetup-temp-allocator-size-audio-worker=65536"
    "memorysetup-temp-allocator-size-cloud-worker=32768"
    "memorysetup-temp-allocator-size-gfx=262144"
    "memorysetup-temp-allocator-size-preload-manager=33554432"
    "memorysetup-allocator-temp-initial-block-size-main=262144"
    "memorysetup-allocator-temp-initial-block-size-worker=262144"
    "memorysetup-temp-allocator-size-job-worker=262144"
    "memorysetup-temp-allocator-size-background-worker=32768"
    "memorysetup-bucket-allocator-granularity=16"
    "memorysetup-bucket-allocator-bucket-count=8"
    "memorysetup-bucket-allocator-block-size=33554432"
    "memorysetup-bucket-allocator-block-count=8"
    "memorysetup-main-allocator-block-size=16777216"
    "memorysetup-thread-allocator-block-size=16777216"
    "memorysetup-main-allocator-mimalloc-enabled=0"
    "memorysetup-gfx-main-allocator-block-size=16777216"
    "memorysetup-gfx-thread-allocator-block-size=16777216"
    "memorysetup-cache-allocator-block-size=4194304"
    "memorysetup-typetree-allocator-block-size=2097152"
    "memorysetup-profiler-bucket-allocator-granularity=16"
    "memorysetup-profiler-bucket-allocator-bucket-count=8"
    "memorysetup-profiler-bucket-allocator-block-size=33554432"
    "memorysetup-profiler-bucket-allocator-block-count=8"
    "memorysetup-profiler-allocator-block-size=16777216"
    "memorysetup-profiler-editor-allocator-block-size=1048576"
    "memorysetup-temp-allocator-size-main=16777216"
    "memorysetup-job-temp-allocator-block-size=2097152"
    "memorysetup-job-temp-allocator-block-size-background=1048576"
    "memorysetup-job-temp-allocator-reduction-small-platforms=262144"
Player connection [2056]  Target information:

Player connection [2056]  * "[IP] 192.168.1.15 [Port] 0 [Flags] 2 [Guid] 1576877548 [EditorId] 1576877548 [Version] 1048832 [Id] WindowsEditor(7,DESKTOP-N9JHBVI) [Debug] 1 [PackageName] WindowsEditor [ProjectName] Editor" 

Player connection [2056] Host joined multi-casting on [225.0.0.222:54997]...
Player connection [2056] Host joined alternative multi-casting on [225.0.0.222:34997]...
JobSystem: Creating JobQueue using job-worker-count value 1
Input System module state changed to: Initialized.
[Physics::Module] Initialized fallback backend.
[Physics::Module] Id: 0xdecafbad
Library Redirect Path: Library/
[Physics::Module] Selected backend.
[Physics::Module] Name: PhysX
[Physics::Module] Id: 0xf2b8ea05
[Physics::Module] SDK Version: 4.1.2
[Physics::Module] Integration Version: 1.0.0
[Physics::Module] Threading Mode: Multi-Threaded
Initialize engine version: 6000.5.6f1 (0e0577a1a2ac)
[Subsystems] Discovering subsystems at path C:/Program Files/Unity/Hub/Editor/6000.5.6f1/Editor/Data/Resources/UnitySubsystems
[Subsystems] Discovering subsystems at path C:/Users/barna/Documents/home/game with jenson/Open-World-Game/Assets
Forcing GfxDevice: Direct3D 12
GfxDevice: creating device client; kGfxThreadingModeNonThreaded
d3d12: failed to create D3D12 device (0x887a0004).
GfxDevice: creating device client; kGfxThreadingModeNonThreaded
d3d12: failed to create D3D12 device (0x887a0004).
GfxDevice: creating device client; kGfxThreadingModeNonThreaded
Direct3D:
    Version:  Direct3D 11.0 [level 11.0]
    Renderer: Intel(R) HD Graphics 4000 (ID=0x166)
    Vendor:   Intel
    VRAM:     128 MB
    Driver:   10.18.10.4252
Initialize mono
Mono path[0] = 'C:/Program Files/Unity/Hub/Editor/6000.5.6f1/Editor/Data/Managed'
Mono path[1] = 'C:/Program Files/Unity/Hub/Editor/6000.5.6f1/Editor/Data/BCLExtensions/runtime/netstandard2.1'
Mono path[2] = 'C:/Program Files/Unity/Hub/Editor/6000.5.6f1/Editor/Data/MonoBleedingEdge/lib/mono/unityjit-win32'
Mono config path = 'C:/Program Files/Unity/Hub/Editor/6000.5.6f1/Editor/Data/MonoBleedingEdge/etc'
Using monoOptions --debugger-agent=transport=dt_socket,embedding=1,server=y,suspend=n,address=127.0.0.1:56084
CodeReloadManager initialized
Begin MonoManager ReloadAssembly
Registering precompiled unity dll's ...
Register platform support module: C:/Program Files/Unity/Hub/Editor/6000.5.6f1/Editor/Data/PlaybackEngines/WebGLSupport/UnityEditor.WebGL.Extensions.dll
Register platform support module: C:/Program Files/Unity/Hub/Editor/6000.5.6f1/Editor/Data/PlaybackEngines/WindowsStandaloneSupport/UnityEditor.WindowsStandalone.Extensions.dll
Registered in 0.010543 seconds.
Native extension for WindowsStandalone target not found
Native extension for WebGL target not found
Package Manager log level set to [2]
[Package Manager] Failed to launch server process. Reason: Unity was launched with the -noUpm command-line argument
[Package Manager] Unable to send message (not connected to server process).
[Package Manager] Cannot connect to Unity Package Manager local server
[Licensing::Client] Error: HandshakeResponse reported an error:
	ResponseCode: 505
	ResponseStatus: Unsupported protocol version '1.18.1'.
[Licensing::Module] Error: Failed to handshake to channel: "LicenseClient-Barney"
[Licensing::IpcConnector] LicenseClient-Barney channel disconnected successfully.
[Licensing::IpcConnector] Successfully connected to: "LicenseClient-Barney-6000.5.6" at "2026-07-30T13:17:08.6637211Z"
[Licensing::Client] Code 10 while verifying Licensing Client signature (process Id: 9128, path: "C:/Program Files/Unity/Hub/Editor/6000.5.6f1/Editor/Data/Resources/Licensing/Client/Unity.Licensing.Client.exe")
[Licensing::Module] LicensingClient has failed validation; ignoring
[Licensing::Client] Handshaking with LicensingClient:
  Version:                 1.18.1+9fbee8e
  Session Id:              2ac842050cd04a3aad10c788f68a8fe7
  Correlation Id:          d64d986494a4acb7ddc315a23132faef
  External correlation Id: 9125667325325893542
  Machine Id:              tboaM/QbslznN7OZqodmjT+Mbv8=
[Licensing::Module] Successfully connected to LicensingClient on channel: "LicenseClient-Barney-6000.5.6" (connect: 0.02s, validation: 0.00s, handshake: 0.02s)
[Licensing::IpcConnector] Successfully connected to: "LicenseClient-Barney-6000.5.6-notifications" at "2026-07-30T13:17:08.687725Z"
[Licensing::Module] Licensing Background thread has ended after 3.82s
ScheduleIndexationOnStartup MainProcess:False IndexOnStartup:True
Mono: successfully reloaded assembly
- Finished resetting the current domain, in  1.176 seconds
Domain Reload Profiling: 3065ms
	BeginReloadAssembly (417ms)
	RebuildCommonClasses (15ms)
	RebuildNativeTypeToScriptingClass (54ms)
	initialDomainReloadingComplete (236ms)
	LoadAllAssembliesAndSetupDomain (1161ms)
		LoadAssemblies (402ms)
		AnalyzeDomain (879ms)
			TypeCache.Refresh (872ms)
				TypeCache.ScanAssembly (736ms)
	FinalizeReload (1181ms)
		SetupLoadedEditorAssemblies (0ms)
			InitializePlatformSupportModulesInManaged (7ms)
			BeforeProcessingInitializeOnLoad (285ms)
			ProcessInitializeOnLoadAttributes (295ms)
			ProcessInitializeOnLoadMethodAttributes (395ms)
Initializing Unity extensions:
[Licensing::Client] Successfully resolved entitlement details
[Licensing::Module] License group:
  Id: 5774094676828-UnityPersXXXX
  Product: Unity Personal
  Type: Assigned
  Expiration: Unlimited
========================================================================
Worker process is ready to serve import requests
Import Worker Mode flag is 0x00
Begin MonoManager ReloadAssembly
Native extension for WindowsStandalone target not found
Native extension for WebGL target not found
[Package Manager] Failed to launch server process. Reason: Unity was launched with the -noUpm command-line argument
[Package Manager] Unable to send message (not connected to server process).
[Package Manager] Cannot connect to Unity Package Manager local server
ScheduleIndexationOnStartup MainProcess:False IndexOnStartup:True
Mono: successfully reloaded assembly
- Finished resetting the current domain, in  1.107 seconds
Domain Reload Profiling: 2306ms
	BeginReloadAssembly (541ms)
		DisableScriptedObjects (24ms)
		CreateAndSetChildDomain (74ms)
	RebuildCommonClasses (21ms)
	RebuildNativeTypeToScriptingClass (54ms)
	initialDomainReloadingComplete (128ms)
	LoadAllAssembliesAndSetupDomain (449ms)
		LoadAssemblies (299ms)
		AnalyzeDomain (25ms)
			TypeCache.Refresh (14ms)
				TypeCache.ScanAssembly (6ms)
			BuildScriptInfoCaches (7ms)
	FinalizeReload (1111ms)
		SetupLoadedEditorAssemblies (0ms)
			InitializePlatformSupportModulesInManaged (5ms)
			BeforeProcessingInitializeOnLoad (357ms)
			ProcessInitializeOnLoadAttributes (201ms)
			ProcessInitializeOnLoadMethodAttributes (165ms)
			AfterProcessingInitializeOnLoad (29ms)
		AwakeInstancesAfterBackupRestoration (8ms)
AcceleratorClientConnectionCallback - disconnected - :0
Launched and connected shader compiler UnityShaderCompiler.exe after 0.02 seconds
Unloading 0 Unused Serialized files (Serialized files now loaded: 0)
Unloading 64 unused Assets / (30.4 KB). Loaded Objects now: 674.
Memory consumption went from 156.1 MB to 156.1 MB.
Total: 13.939500 ms (FindLiveObjects: 0.113700 ms CreateObjectMapping: 0.031700 ms MarkObjects: 13.582100 ms  DeleteObjects: 0.207500 ms)

========================================================================
Received Prepare
AcceleratorClientConnectionCallback - disconnected - :0
Unloading 0 Unused Serialized files (Serialized files now loaded: 0)
Curl error 3: URL rejected: Malformed input to a URL function
Unloading 0 unused Assets / (Unknown). Loaded Objects now: 674.
Memory consumption went from 156.0 MB to 156.0 MB.
Total: 10.916600 ms (FindLiveObjects: 0.090400 ms CreateObjectMapping: 0.017600 ms MarkObjects: 10.798700 ms  DeleteObjects: 0.007800 ms)

Prepare: number of updated asset objects reloaded= 0
========================================================================
Received Import Request.
  Time of request: 2026-07-30T13:17:42.0006166Z
  Time since last request: 64780.40240600000106 seconds.
  importAddress: GUID: 72739509cbb56df47a620222b86eeefc - Path: Assets/Tree.prefab - Importer: PreviewImporter
Importing 'GUID: 72739509cbb56df47a620222b86eeefc - Path: Assets/Tree.prefab - Importer: PreviewImporter' with importer (PreviewImporter)
Imported 'GUID: 72739509cbb56df47a620222b86eeefc' -> (Import Result ID: '420b57bf6621705ba54e2499e33dea52') in 1.680 seconds [static and dynamic dependencies]. Details - ImportResultOutputID=98739bb347a202f1c7c05f1256c2f17e DependenciesID=5523ec49b9f9280c1b9c338b41a458ff StaticDependenciesID=05774534562b54b2c771a39f2584a3e8 
Number of updated asset objects reloaded before import = 0
Number of asset objects unloaded after import = 15
========================================================================
Received Import Request.
  Time of request: 2026-07-30T13:17:43.6895678Z
  Time since last request: 0.0000508 seconds.
  importAddress: GUID: 72739509cbb56df47a620222b86eeefc - Path: Assets/Tree.prefab - Importer: ScriptedImporter/UnityEditor.QuickSearchModule:UnityEditor.Search:ASIAI0B
Importing 'GUID: 72739509cbb56df47a620222b86eeefc - Path: Assets/Tree.prefab - Importer: ScriptedImporter/UnityEditor.QuickSearchModule:UnityEditor.Search:ASIAI0B' with importer (ScriptedImporter : UnityEditor.QuickSearchModule:UnityEditor.Search:ASIAI0B)
Imported 'GUID: 72739509cbb56df47a620222b86eeefc' -> (Import Result ID: '77d9c491192fa8b81acbd9390e413e2c') in 0.346 seconds [static and dynamic dependencies]. Details - ImportResultOutputID=a5e2f7ed397c5fb7d2ea2e0081fbf632 DependenciesID=279e48183ab2378ac5a0b8ba9f685980 StaticDependenciesID=070d3f5c3d90af5af1d5d8793af55d21 
Number of updated asset objects reloaded before import = 0
Number of asset objects unloaded after import = 15
========================================================================
Received Import Request.
  Time of request: 2026-07-30T13:17:44.037267Z
  Time since last request: 0.0000471 seconds.
  importAddress: GUID: 402a85ecffaa6964cae46384dc99263e - Path: Assets/Tree_Textures/shadow.png - Importer: ScriptedImporter/UnityEditor.QuickSearchModule:UnityEditor.Search:ASIAI0B
Importing 'GUID: 402a85ecffaa6964cae46384dc99263e - Path: Assets/Tree_Textures/shadow.png - Importer: ScriptedImporter/UnityEditor.QuickSearchModule:UnityEditor.Search:ASIAI0B' with importer (ScriptedImporter : UnityEditor.QuickSearchModule:UnityEditor.Search:ASIAI0B)
Imported 'GUID: 402a85ecffaa6964cae46384dc99263e' -> (Import Result ID: 'ef9ab6ddbd2fe49d466246448f82724a') in 0.114 seconds [static and dynamic dependencies]. Details - ImportResultOutputID=f033ac9f1e44ebebfddb79ae055db5c5 DependenciesID=74c62ff2921fa48d1c2f442b030ad68d StaticDependenciesID=aaf858f8f70a3e27a6f1f40eecc7b521 
Number of updated asset objects reloaded before import = 0
Number of asset objects unloaded after import = 1
========================================================================
Received Import Request.
  Time of request: 2026-07-30T13:17:44.1525499Z
  Time since last request: 0.0000314 seconds.
  importAddress: GUID: d2a1f4fa5985372469df8d7fc423000f - Path: Assets/Tree_Textures/translucency_gloss.png - Importer: ScriptedImporter/UnityEditor.QuickSearchModule:UnityEditor.Search:ASIAI0B
Importing 'GUID: d2a1f4fa5985372469df8d7fc423000f - Path: Assets/Tree_Textures/translucency_gloss.png - Importer: ScriptedImporter/UnityEditor.QuickSearchModule:UnityEditor.Search:ASIAI0B' with importer (ScriptedImporter : UnityEditor.QuickSearchModule:UnityEditor.Search:ASIAI0B)
Imported 'GUID: d2a1f4fa5985372469df8d7fc423000f' -> (Import Result ID: '17a5963dbdb1459e2be0b1b699f4ae3c') in 0.029 seconds [static and dynamic dependencies]. Details - ImportResultOutputID=044234de3758f5c578b7d4126f89834c DependenciesID=7cfd31eeb12959704175f8b63491bd54 StaticDependenciesID=d055653ce1711f45b5d82a7234d63fe6 
Number of updated asset objects reloaded before import = 0
Number of asset objects unloaded after import = 1
========================================================================
Received Import Request.
  Time of request: 2026-07-30T13:17:44.1828074Z
  Time since last request: 0.0000652 seconds.
  importAddress: GUID: ce594381d1774b94c895e0b080b95212 - Path: Assets/Tree_Textures/normal_specular.png - Importer: ScriptedImporter/UnityEditor.QuickSearchModule:UnityEditor.Search:ASIAI0B
Importing 'GUID: ce594381d1774b94c895e0b080b95212 - Path: Assets/Tree_Textures/normal_specular.png - Importer: ScriptedImporter/UnityEditor.QuickSearchModule:UnityEditor.Search:ASIAI0B' with importer (ScriptedImporter : UnityEditor.QuickSearchModule:UnityEditor.Search:ASIAI0B)
Imported 'GUID: ce594381d1774b94c895e0b080b95212' -> (Import Result ID: '4b40e6985371f1ce9598cabc5697efd1') in 0.046 seconds [static and dynamic dependencies]. Details - ImportResultOutputID=e7987d396bbe3123b52b704f2319b8b9 DependenciesID=fefce612b67265f1ca4e7fbbb471e903 StaticDependenciesID=4ea77bc32ec1aab0f076881df99d88c3 
Number of updated asset objects reloaded before import = 0
Number of asset objects unloaded after import = 1
========================================================================
Received Import Request.
  Time of request: 2026-07-30T13:17:44.2301015Z
  Time since last request: 0.000688 seconds.
  importAddress: GUID: a4998ef81ee19b445b0068a65d9e99a2 - Path: Assets/Tree_Textures - Importer: ScriptedImporter/UnityEditor.QuickSearchModule:UnityEditor.Search:ASIAI0B
Importing 'GUID: a4998ef81ee19b445b0068a65d9e99a2 - Path: Assets/Tree_Textures - Importer: ScriptedImporter/UnityEditor.QuickSearchModule:UnityEditor.Search:ASIAI0B' with importer (ScriptedImporter : UnityEditor.QuickSearchModule:UnityEditor.Search:ASIAI0B)
Imported 'GUID: a4998ef81ee19b445b0068a65d9e99a2' -> (Import Result ID: '6163451887d58cae0c6940160f140c3d') in 0.025 seconds [static and dynamic dependencies]. Details - ImportResultOutputID=e89ed17bde8352e3510d82a40fa101bf DependenciesID=ef69b5e2fa4bcc6f22b6b09b79e75a8c StaticDependenciesID=ac8b340d6ebb3189c7be25f1175e3c76 
Number of updated asset objects reloaded before import = 0
Number of asset objects unloaded after import = 1
========================================================================
Received Import Request.
  Time of request: 2026-07-30T13:17:44.2559152Z
  Time since last request: 0.000385 seconds.
  importAddress: GUID: a676ce5e97bcdba4aa9c54772f1c640b - Path: Assets/Tree_Textures/diffuse.png - Importer: ScriptedImporter/UnityEditor.QuickSearchModule:UnityEditor.Search:ASIAI0B
Importing 'GUID: a676ce5e97bcdba4aa9c54772f1c640b - Path: Assets/Tree_Textures/diffuse.png - Importer: ScriptedImporter/UnityEditor.QuickSearchModule:UnityEditor.Search:ASIAI0B' with importer (ScriptedImporter : UnityEditor.QuickSearchModule:UnityEditor.Search:ASIAI0B)
Imported 'GUID: a676ce5e97bcdba4aa9c54772f1c640b' -> (Import Result ID: '330f686c1b44753d810c8dcb9de5e5e2') in 0.042 seconds [static and dynamic dependencies]. Details - ImportResultOutputID=4429effcb06760ed55909daaebe68d24 DependenciesID=e129d4b4604f50471f3e57bfed66a044 StaticDependenciesID=f4206b327843d257206c745df6ae8215 
Number of updated asset objects reloaded before import = 0
Number of asset objects unloaded after import = 1
========================================================================
Received Import Request.
  Time of request: 2026-07-30T13:20:58.9082712Z
  Time since last request: 194.6097743 seconds.
  importAddress: GUID: d61b1cb6d4904d74b92bef7fa166c12b - Path: Assets/cylinder.unity - Importer: ScriptedImporter/UnityEditor.QuickSearchModule:UnityEditor.Search:ASIAI0B
Importing 'GUID: d61b1cb6d4904d74b92bef7fa166c12b - Path: Assets/cylinder.unity - Importer: ScriptedImporter/UnityEditor.QuickSearchModule:UnityEditor.Search:ASIAI0B' with importer (ScriptedImporter : UnityEditor.QuickSearchModule:UnityEditor.Search:ASIAI0B)
Imported 'GUID: d61b1cb6d4904d74b92bef7fa166c12b' -> (Import Result ID: '8cef77125ffd8c05711215019c321fb8') in 0.018 seconds [static and dynamic dependencies]. Details - ImportResultOutputID=0e564b95bfd7042a6c1a50882e6aaada DependenciesID=4ee0e3708dd7b525ed720b8a47a689ad StaticDependenciesID=5e4d10b37ab0344f51fe31643e626f7d 
Number of updated asset objects reloaded before import = 0
Number of asset objects unloaded after import = 1
Editor requested this worker to shutdown with reason: Editor is closing down
AcceleratorClientConnectionCallback - disconnected - :0
AssetImportWorker is now disconnected from the server
Process exiting
Exiting without the bug reporter. Application will terminate with return code 0