Built from '6000.5/staging' branch; Version is '6000.5.6f1 (0e0577a1a2ac) revision 918903'; Using compiler version '194234433'; Build Type 'Release'
<<<<<<< Updated upstream
<<<<<<< HEAD
<<<<<<< HEAD
=======
[Licensing::IpcConnector] Successfully connected to: "LicenseClient-Jenso" at "2026-07-30T14:48:58.1819996Z"
>>>>>>> Stashed changes
OS: 'Windows 11  (10.0.26200) Core' Language: 'en' Physical Memory: 7518 MB
BatchMode: 0, IsHumanControllingUs: 1, StartBugReporterOnCrash: 1, Is64bit: 1
System  architecture: x64
Process architecture: x64
<<<<<<< Updated upstream
Date: 2026-07-30T13:10:48Z
[Licensing::IpcConnector] Successfully connected to: "LicenseClient-Jenso" at "2026-07-30T13:10:48.1615014Z"
=======
[Licensing::IpcConnector] Successfully connected to: "LicenseClient-Barney" at "2026-07-30T13:15:35.7681147Z"
=======
>>>>>>> be03193a4e4b6392105d85a0effc939e233c1b2c
OS: 'Windows 10  (10.0.19045) 64bit Core' Language: 'en' Physical Memory: 12173 MB
BatchMode: 0, IsHumanControllingUs: 1, StartBugReporterOnCrash: 1, Is64bit: 1
System  architecture: x64
Process architecture: x64
<<<<<<< HEAD
Date: 2026-07-30T13:15:35Z
>>>>>>> eefeaf5076fe6a956ea262b9c56e58161e5199f4
=======
Date: 2026-07-30T13:16:53Z
[Licensing::Module] Trying to connect to existing licensing client channel...
[Licensing::IpcConnector] Successfully connected to: "LicenseClient-Barney" at "2026-07-30T13:16:53.8224139Z"
>>>>>>> be03193a4e4b6392105d85a0effc939e233c1b2c
=======
Date: 2026-07-30T14:48:58Z
>>>>>>> Stashed changes

COMMAND LINE ARGUMENTS:
C:\Program Files\Unity\Hub\Editor\6000.5.6f1\Editor\Unity.exe
-projectpath
C:\Users\Jenso\OneDrive\Documents\GitHub\Open-World-Game
-acceptSoftwareTermsForThisRunOnly
-useHub
-hubIPC
-cloudEnvironment
production
-licensingIpc
LicenseClient-Jenso
-hubSessionId
11aaf521-ebe8-473a-9d89-4e781a3f0e87
-accessToken
lum4YUqzx0pcHUMjLpFckY8kwDVC8--lMKkO0vrR_pU005f
Successfully changed project path to: C:\Users\Jenso\OneDrive\Documents\GitHub\Open-World-Game
C:/Users/Jenso/OneDrive/Documents/GitHub/Open-World-Game
[UnityMemory] Configuration Parameters - Can be set up in boot.config
    "memorysetup-temp-allocator-size-gi-baking-worker=262144"
    "memorysetup-temp-allocator-size-gi-baking-worker=262144"
    "memorysetup-temp-allocator-size-gi-baking-worker=262144"
    "memorysetup-temp-allocator-size-gi-baking-worker=262144"
    "memorysetup-temp-allocator-size-gi-baking-worker=262144"
    "memorysetup-temp-allocator-size-nav-mesh-worker=65536"
    "memorysetup-temp-allocator-size-audio-worker=65536"
    "memorysetup-temp-allocator-size-cloud-worker=32768"
    "memorysetup-temp-allocator-size-gfx=262144"
    "memorysetup-temp-allocator-size-preload-manager=33554432"
    "memorysetup-allocator-temp-initial-block-size-main=262144"
    "memorysetup-allocator-temp-initial-block-size-worker=262144"
    "memorysetup-temp-allocator-size-job-worker=262144"
    "memorysetup-temp-allocator-size-background-worker=32768"
    "memorysetup-bucket-allocator-granularity=16"
    "memorysetup-bucket-allocator-bucket-count=8"
    "memorysetup-bucket-allocator-block-size=33554432"
    "memorysetup-bucket-allocator-block-count=8"
    "memorysetup-main-allocator-block-size=16777216"
    "memorysetup-thread-allocator-block-size=16777216"
    "memorysetup-main-allocator-mimalloc-enabled=0"
    "memorysetup-gfx-main-allocator-block-size=16777216"
    "memorysetup-gfx-thread-allocator-block-size=16777216"
    "memorysetup-cache-allocator-block-size=4194304"
    "memorysetup-typetree-allocator-block-size=2097152"
    "memorysetup-profiler-bucket-allocator-granularity=16"
    "memorysetup-profiler-bucket-allocator-bucket-count=8"
    "memorysetup-profiler-bucket-allocator-block-size=33554432"
    "memorysetup-profiler-bucket-allocator-block-count=8"
    "memorysetup-profiler-allocator-block-size=16777216"
    "memorysetup-profiler-editor-allocator-block-size=1048576"
    "memorysetup-temp-allocator-size-main=16777216"
    "memorysetup-job-temp-allocator-block-size=2097152"
    "memorysetup-job-temp-allocator-block-size-background=1048576"
    "memorysetup-job-temp-allocator-reduction-small-platforms=262144"
<<<<<<< Updated upstream
<<<<<<< HEAD
<<<<<<< HEAD
Player connection [29808]  Target information:
=======
Player connection [28228]  Target information:
>>>>>>> Stashed changes

Player connection [28228]  * "[IP] 192.168.0.180 [Port] 55504 [Flags] 2 [Guid] 1437916637 [EditorId] 1437916637 [Version] 1048832 [Id] WindowsEditor(7,Jenson) [Debug] 1 [PackageName] WindowsEditor [ProjectName] Editor" 

Player connection [28228] Host joined multi-casting on [225.0.0.222:54997]...
Player connection [28228] Host joined alternative multi-casting on [225.0.0.222:34997]...
Input System module state changed to: Initialized.
[Physics::Module] Initialized fallback backend.
[Physics::Module] Id: 0xdecafbad
<<<<<<< Updated upstream
[Package Manager] Connected to IPC stream "Upm-37596" after 0.7 seconds.
=======
Player connection [6260]  Target information:
=======
Player connection [10192]  Target information:
>>>>>>> be03193a4e4b6392105d85a0effc939e233c1b2c

Player connection [10192]  * "[IP] 192.168.1.15 [Port] 55504 [Flags] 2 [Guid] 52784108 [EditorId] 52784108 [Version] 1048832 [Id] WindowsEditor(7,DESKTOP-N9JHBVI) [Debug] 1 [PackageName] WindowsEditor [ProjectName] Editor" 

Player connection [10192] Host joined multi-casting on [225.0.0.222:54997]...
Player connection [10192] Host joined alternative multi-casting on [225.0.0.222:34997]...
Input System module state changed to: Initialized.
[Physics::Module] Initialized fallback backend.
[Physics::Module] Id: 0xdecafbad
<<<<<<< HEAD
[Package Manager] Connected to IPC stream "Upm-2264" after 1.2 seconds.
>>>>>>> eefeaf5076fe6a956ea262b9c56e58161e5199f4
=======
[Package Manager] Connected to IPC stream "Upm-13788" after 0.9 seconds.
>>>>>>> be03193a4e4b6392105d85a0effc939e233c1b2c
=======
[Package Manager] Connected to IPC stream "Upm-35112" after 0.5 seconds.
>>>>>>> Stashed changes
[Licensing::Module] Licensing is not yet initialized.
[Licensing::Client] Error: HandshakeResponse reported an error:
	ResponseCode: 505
	ResponseStatus: Unsupported protocol version '1.18.1'.
[Licensing::Module] Error: Failed to handshake to channel: "LicenseClient-Jenso"
[Licensing::IpcConnector] LicenseClient-Jenso channel disconnected successfully.
[Licensing::IpcConnector] Channel LicenseClient-Jenso-6000.5.6 doesn't exist
[Licensing::Module] Successfully launched the LicensingClient (PId: 35836)
Starting IPC server.
Waiting for clients to connect on \\.\pipe\Unity-LicenseClient-Jenso-6000.5.6, press Ctrl-C to exit.
[Licensing::IpcConnector] Successfully connected to: "LicenseClient-Jenso-6000.5.6" at "2026-07-30T14:49:00.8546338Z"
[Licensing::Client] Code 10 while verifying Licensing Client signature (process Id: 35836, path: "C:/Program Files/Unity/Hub/Editor/6000.5.6f1/Editor/Data/Resources/Licensing/Client/Unity.Licensing.Client.exe")
[Licensing::Module] LicensingClient has failed validation; ignoring
[Licensing::Client] Handshaking with LicensingClient:
  Version:                 1.18.1+9fbee8e
  Session Id:              2f4a3452920a4e60bae2349374a4aa8e
  Correlation Id:          d50bbbb3f817ed9bbf291a04d964184e
  External correlation Id: 811673877305654971
  Machine Id:              6p94kqasDlUFSYHonAQip4tjKMU=
[Licensing::Module] Successfully connected to LicensingClient on channel: "LicenseClient-Jenso-6000.5.6" (connect: 0.57s, validation: 0.30s, handshake: 0.01s)
[Licensing::IpcConnector] Successfully connected to: "LicenseClient-Jenso-6000.5.6-notifications" at "2026-07-30T14:49:01.1611642Z"
[Licensing::Module] Connected to LicensingClient (PId: 35836, launch time: 0.03, total connection time: 0.87s)
[Licensing::Client] Successfully updated the access token
<<<<<<< Updated upstream
[Licensing::Module] Successfully updated the access token YXOFKq6f2f...
=======
[Licensing::Module] Error: Failed to handshake to channel: "LicenseClient-Barney"
[Licensing::IpcConnector] LicenseClient-Barney channel disconnected successfully.
[Licensing::IpcConnector] Channel LicenseClient-Barney-6000.5.6 doesn't exist
[Licensing::Module] Successfully launched the LicensingClient (PId: 9128)
Starting IPC server.
Waiting for clients to connect on \\.\pipe\Unity-LicenseClient-Barney-6000.5.6, press Ctrl-C to exit.
[Licensing::IpcConnector] Successfully connected to: "LicenseClient-Barney-6000.5.6" at "2026-07-30T13:16:57.2644009Z"
[Licensing::Client] Code 10 while verifying Licensing Client signature (process Id: 9128, path: "C:/Program Files/Unity/Hub/Editor/6000.5.6f1/Editor/Data/Resources/Licensing/Client/Unity.Licensing.Client.exe")
[Licensing::Module] LicensingClient has failed validation; ignoring
[Licensing::Client] Handshaking with LicensingClient:
  Version:                 1.18.1+9fbee8e
  Session Id:              1ea70f4830294a95ae687c1a56b6bdf7
  Correlation Id:          d64d986494a4acb7ddc315a23132faef
  External correlation Id: 6768561615494022496
  Machine Id:              tboaM/QbslznN7OZqodmjT+Mbv8=
[Licensing::Module] Successfully connected to LicensingClient on channel: "LicenseClient-Barney-6000.5.6" (connect: 0.57s, validation: 0.43s, handshake: 0.02s)
[Licensing::IpcConnector] Successfully connected to: "LicenseClient-Barney-6000.5.6-notifications" at "2026-07-30T13:16:57.7104748Z"
[Licensing::Module] Connected to LicensingClient (PId: 9128, launch time: 0.01, total connection time: 1.01s)
[Licensing::Client] Successfully updated the access token
[Licensing::Module] Successfully updated the access token NlXYLr7VhT...
>>>>>>> eefeaf5076fe6a956ea262b9c56e58161e5199f4
=======
[Licensing::Module] Successfully updated the access token lum4YUqzx0...
>>>>>>> Stashed changes
[Licensing::Client] Successfully resolved entitlement details
[Licensing::Module] License group:
  Id: 5774094783317-UnityPersXXXX
  Product: Unity Personal
  Type: Assigned
  Expiration: Unlimited
<<<<<<< Updated upstream
<<<<<<< HEAD
<<<<<<< HEAD
=======
>>>>>>> Stashed changes
[Licensing::Client] Successfully updated license, isAsync: True, time: 0.01
[Licensing::Client] Successfully resolved entitlement details
[Licensing::Module] Licensing Background thread has ended after 3.04s
[Licensing::Module] Licensing is initialized (took 2.03s).
<<<<<<< Updated upstream
>>>>>>> eefeaf5076fe6a956ea262b9c56e58161e5199f4
=======
[Licensing::Client] Successfully updated license, isAsync: True, time: 0.04
[Licensing::Client] Successfully resolved entitlement details
[Licensing::Module] Licensing Background thread has ended after 4.04s
[Licensing::Module] Licensing is initialized (took 2.80s).
>>>>>>> be03193a4e4b6392105d85a0effc939e233c1b2c
=======
>>>>>>> Stashed changes
[Licensing::Client] Successfully resolved entitlement details
Library Redirect Path: Library/
[Physics::Module] Selected backend.
[Physics::Module] Name: PhysX
[Physics::Module] Id: 0xf2b8ea05
[Physics::Module] SDK Version: 4.1.2
[Physics::Module] Integration Version: 1.0.0
[Physics::Module] Threading Mode: Multi-Threaded
Initialize engine version: 6000.5.6f1 (0e0577a1a2ac)
[Subsystems] Discovering subsystems at path C:/Program Files/Unity/Hub/Editor/6000.5.6f1/Editor/Data/Resources/UnitySubsystems
[Subsystems] Discovering subsystems at path C:/Users/Jenso/OneDrive/Documents/GitHub/Open-World-Game/Assets
[D3D12 Device Filter] Vendor Name: NVIDIA
[D3D12 Device Filter] Device Name: NVIDIA GeForce RTX 3050 Laptop GPU
[D3D12 Device Filter] Driver Version: 32.0.15.9282
[D3D12 Device Filter] Feature Level: 12.2
[D3D12 Device Filter] Graphics Memory: 3962 MB
[D3D12 Device Filter] Processor Count: 12
[D3D12 Device Filter] Device Type: Discrete
GfxDevice: creating device client; kGfxThreadingModeSplitJobs
d3d12: failed to query info queue interface (0x80004002).
Direct3D:
    Version:         Direct3D 12 [level 12.2]
    Renderer:        NVIDIA GeForce RTX 3050 Laptop GPU (ID=0x25a2)
    Vendor:          NVIDIA
    VRAM:            3962 MB
    App VRAM Budget: 3367 MB
    Driver:          32.0.15.9282
Initialize mono
Mono path[0] = 'C:/Program Files/Unity/Hub/Editor/6000.5.6f1/Editor/Data/Managed'
Mono path[1] = 'C:/Program Files/Unity/Hub/Editor/6000.5.6f1/Editor/Data/BCLExtensions/runtime/netstandard2.1'
Mono path[2] = 'C:/Program Files/Unity/Hub/Editor/6000.5.6f1/Editor/Data/MonoBleedingEdge/lib/mono/unityjit-win32'
Mono config path = 'C:/Program Files/Unity/Hub/Editor/6000.5.6f1/Editor/Data/MonoBleedingEdge/etc'
<<<<<<< Updated upstream
<<<<<<< HEAD
<<<<<<< HEAD
Using monoOptions --debugger-agent=transport=dt_socket,embedding=1,server=y,suspend=n,address=127.0.0.1:56596
=======
Using monoOptions --debugger-agent=transport=dt_socket,embedding=1,server=y,suspend=n,address=127.0.0.1:56264
>>>>>>> eefeaf5076fe6a956ea262b9c56e58161e5199f4
=======
Using monoOptions --debugger-agent=transport=dt_socket,embedding=1,server=y,suspend=n,address=127.0.0.1:56788
>>>>>>> be03193a4e4b6392105d85a0effc939e233c1b2c
=======
Using monoOptions --debugger-agent=transport=dt_socket,embedding=1,server=y,suspend=n,address=127.0.0.1:56112
>>>>>>> Stashed changes
CodeReloadManager initialized
ImportWorker Server TCP listen port: 0
AcceleratorClientConnectionCallback - disconnected - :0
Begin MonoManager ReloadAssembly
Registering precompiled unity dll's ...
Register platform support module: C:/Program Files/Unity/Hub/Editor/6000.5.6f1/Editor/Data/PlaybackEngines/WebGLSupport/UnityEditor.WebGL.Extensions.dll
Register platform support module: C:/Program Files/Unity/Hub/Editor/6000.5.6f1/Editor/Data/PlaybackEngines/WindowsStandaloneSupport/UnityEditor.WindowsStandalone.Extensions.dll
<<<<<<< Updated upstream
<<<<<<< HEAD
<<<<<<< HEAD
Registered in 0.009830 seconds.
=======
Registered in 0.009846 seconds.
>>>>>>> eefeaf5076fe6a956ea262b9c56e58161e5199f4
=======
Registered in 0.009112 seconds.
>>>>>>> be03193a4e4b6392105d85a0effc939e233c1b2c
=======
Registered in 0.006632 seconds.
>>>>>>> Stashed changes
Native extension for WindowsStandalone target not found
Native extension for WebGL target not found
Package Manager log level set to [2]
ScheduleIndexationOnStartup MainProcess:False IndexOnStartup:True
Mono: successfully reloaded assembly
<<<<<<< Updated upstream
<<<<<<< HEAD
<<<<<<< HEAD
- Finished resetting the current domain, in  0.809 seconds
Domain Reload Profiling: 1757ms
	BeginReloadAssembly (275ms)
		CreateAndSetChildDomain (42ms)
	RebuildCommonClasses (14ms)
	RebuildNativeTypeToScriptingClass (27ms)
	initialDomainReloadingComplete (146ms)
	LoadAllAssembliesAndSetupDomain (481ms)
		LoadAssemblies (225ms)
		AnalyzeDomain (346ms)
			TypeCache.Refresh (342ms)
				TypeCache.ScanAssembly (316ms)
	FinalizeReload (814ms)
		SetupLoadedEditorAssemblies (0ms)
			InitializePlatformSupportModulesInManaged (5ms)
			BeforeProcessingInitializeOnLoad (147ms)
			ProcessInitializeOnLoadAttributes (203ms)
			ProcessInitializeOnLoadMethodAttributes (326ms)
=======
- Finished resetting the current domain, in  1.239 seconds
Domain Reload Profiling: 2922ms
	BeginReloadAssembly (481ms)
		CreateAndSetChildDomain (5ms)
	RebuildCommonClasses (19ms)
	RebuildNativeTypeToScriptingClass (53ms)
	initialDomainReloadingComplete (204ms)
	LoadAllAssembliesAndSetupDomain (919ms)
		LoadAssemblies (460ms)
		AnalyzeDomain (678ms)
			TypeCache.Refresh (673ms)
				TypeCache.ScanAssembly (633ms)
	FinalizeReload (1245ms)
		SetupLoadedEditorAssemblies (0ms)
			InitializePlatformSupportModulesInManaged (7ms)
			BeforeProcessingInitializeOnLoad (257ms)
			ProcessInitializeOnLoadAttributes (268ms)
			ProcessInitializeOnLoadMethodAttributes (504ms)
>>>>>>> eefeaf5076fe6a956ea262b9c56e58161e5199f4
=======
- Finished resetting the current domain, in  0.982 seconds
Domain Reload Profiling: 2199ms
	BeginReloadAssembly (360ms)
		CreateAndSetChildDomain (8ms)
	RebuildCommonClasses (9ms)
	RebuildNativeTypeToScriptingClass (39ms)
	initialDomainReloadingComplete (168ms)
	LoadAllAssembliesAndSetupDomain (636ms)
		LoadAssemblies (338ms)
		AnalyzeDomain (461ms)
			TypeCache.Refresh (459ms)
				TypeCache.ScanAssembly (431ms)
	FinalizeReload (988ms)
		SetupLoadedEditorAssemblies (0ms)
			InitializePlatformSupportModulesInManaged (5ms)
			BeforeProcessingInitializeOnLoad (201ms)
			ProcessInitializeOnLoadAttributes (199ms)
			ProcessInitializeOnLoadMethodAttributes (412ms)
>>>>>>> be03193a4e4b6392105d85a0effc939e233c1b2c
=======
- Finished resetting the current domain, in  0.646 seconds
Domain Reload Profiling: 1511ms
	BeginReloadAssembly (243ms)
		CreateAndSetChildDomain (34ms)
	RebuildCommonClasses (11ms)
	RebuildNativeTypeToScriptingClass (30ms)
	initialDomainReloadingComplete (125ms)
	LoadAllAssembliesAndSetupDomain (452ms)
		LoadAssemblies (202ms)
		AnalyzeDomain (332ms)
			TypeCache.Refresh (329ms)
				TypeCache.ScanAssembly (307ms)
	FinalizeReload (650ms)
		SetupLoadedEditorAssemblies (0ms)
			InitializePlatformSupportModulesInManaged (3ms)
			BeforeProcessingInitializeOnLoad (123ms)
			ProcessInitializeOnLoadAttributes (146ms)
			ProcessInitializeOnLoadMethodAttributes (265ms)
>>>>>>> Stashed changes
[Licensing::Client] Successfully resolved entitlement details
Application.AssetDatabase Initial Refresh Start
[Package Manager] Restoring resolved packages state from cache
[Licensing::Client] Successfully resolved entitlement details
[Package Manager] Registered 37 packages:
  Built-in packages:
    com.unity.multiplayer.center@1.0.1 (location: C:\Users\Jenso\OneDrive\Documents\GitHub\Open-World-Game\Library\PackageCache\com.unity.multiplayer.center@b860850997d0)
    com.unity.modules.accessibility@1.0.0 (location: C:\Users\Jenso\OneDrive\Documents\GitHub\Open-World-Game\Library\PackageCache\com.unity.modules.accessibility)
    com.unity.modules.adaptiveperformance@1.0.0 (location: C:\Users\Jenso\OneDrive\Documents\GitHub\Open-World-Game\Library\PackageCache\com.unity.modules.adaptiveperformance)
    com.unity.modules.ai@1.0.0 (location: C:\Users\Jenso\OneDrive\Documents\GitHub\Open-World-Game\Library\PackageCache\com.unity.modules.ai)
    com.unity.modules.androidjni@1.0.0 (location: C:\Users\Jenso\OneDrive\Documents\GitHub\Open-World-Game\Library\PackageCache\com.unity.modules.androidjni)
    com.unity.modules.animation@1.0.0 (location: C:\Users\Jenso\OneDrive\Documents\GitHub\Open-World-Game\Library\PackageCache\com.unity.modules.animation)
    com.unity.modules.assetbundle@1.0.0 (location: C:\Users\Jenso\OneDrive\Documents\GitHub\Open-World-Game\Library\PackageCache\com.unity.modules.assetbundle)
    com.unity.modules.audio@1.0.0 (location: C:\Users\Jenso\OneDrive\Documents\GitHub\Open-World-Game\Library\PackageCache\com.unity.modules.audio)
    com.unity.modules.cloth@1.0.0 (location: C:\Users\Jenso\OneDrive\Documents\GitHub\Open-World-Game\Library\PackageCache\com.unity.modules.cloth)
    com.unity.modules.director@1.0.0 (location: C:\Users\Jenso\OneDrive\Documents\GitHub\Open-World-Game\Library\PackageCache\com.unity.modules.director)
    com.unity.modules.imageconversion@1.0.0 (location: C:\Users\Jenso\OneDrive\Documents\GitHub\Open-World-Game\Library\PackageCache\com.unity.modules.imageconversion)
    com.unity.modules.imgui@1.0.0 (location: C:\Users\Jenso\OneDrive\Documents\GitHub\Open-World-Game\Library\PackageCache\com.unity.modules.imgui)
    com.unity.modules.jsonserialize@1.0.0 (location: C:\Users\Jenso\OneDrive\Documents\GitHub\Open-World-Game\Library\PackageCache\com.unity.modules.jsonserialize)
    com.unity.modules.particlesystem@1.0.0 (location: C:\Users\Jenso\OneDrive\Documents\GitHub\Open-World-Game\Library\PackageCache\com.unity.modules.particlesystem)
    com.unity.modules.physics@1.0.0 (location: C:\Users\Jenso\OneDrive\Documents\GitHub\Open-World-Game\Library\PackageCache\com.unity.modules.physics)
    com.unity.modules.physics2d@1.0.0 (location: C:\Users\Jenso\OneDrive\Documents\GitHub\Open-World-Game\Library\PackageCache\com.unity.modules.physics2d)
    com.unity.modules.physicscore2d@1.0.0 (location: C:\Users\Jenso\OneDrive\Documents\GitHub\Open-World-Game\Library\PackageCache\com.unity.modules.physicscore2d)
    com.unity.modules.screencapture@1.0.0 (location: C:\Users\Jenso\OneDrive\Documents\GitHub\Open-World-Game\Library\PackageCache\com.unity.modules.screencapture)
    com.unity.modules.terrain@1.0.0 (location: C:\Users\Jenso\OneDrive\Documents\GitHub\Open-World-Game\Library\PackageCache\com.unity.modules.terrain)
    com.unity.modules.terrainphysics@1.0.0 (location: C:\Users\Jenso\OneDrive\Documents\GitHub\Open-World-Game\Library\PackageCache\com.unity.modules.terrainphysics)
    com.unity.modules.tilemap@1.0.0 (location: C:\Users\Jenso\OneDrive\Documents\GitHub\Open-World-Game\Library\PackageCache\com.unity.modules.tilemap)
    com.unity.modules.ui@1.0.0 (location: C:\Users\Jenso\OneDrive\Documents\GitHub\Open-World-Game\Library\PackageCache\com.unity.modules.ui)
    com.unity.modules.uielements@1.0.0 (location: C:\Users\Jenso\OneDrive\Documents\GitHub\Open-World-Game\Library\PackageCache\com.unity.modules.uielements)
    com.unity.modules.umbra@1.0.0 (location: C:\Users\Jenso\OneDrive\Documents\GitHub\Open-World-Game\Library\PackageCache\com.unity.modules.umbra)
    com.unity.modules.unityanalytics@1.0.0 (location: C:\Users\Jenso\OneDrive\Documents\GitHub\Open-World-Game\Library\PackageCache\com.unity.modules.unityanalytics)
    com.unity.modules.unitywebrequest@1.0.0 (location: C:\Users\Jenso\OneDrive\Documents\GitHub\Open-World-Game\Library\PackageCache\com.unity.modules.unitywebrequest)
    com.unity.modules.unitywebrequestassetbundle@1.0.0 (location: C:\Users\Jenso\OneDrive\Documents\GitHub\Open-World-Game\Library\PackageCache\com.unity.modules.unitywebrequestassetbundle)
    com.unity.modules.unitywebrequestaudio@1.0.0 (location: C:\Users\Jenso\OneDrive\Documents\GitHub\Open-World-Game\Library\PackageCache\com.unity.modules.unitywebrequestaudio)
    com.unity.modules.unitywebrequesttexture@1.0.0 (location: C:\Users\Jenso\OneDrive\Documents\GitHub\Open-World-Game\Library\PackageCache\com.unity.modules.unitywebrequesttexture)
    com.unity.modules.unitywebrequestwww@1.0.0 (location: C:\Users\Jenso\OneDrive\Documents\GitHub\Open-World-Game\Library\PackageCache\com.unity.modules.unitywebrequestwww)
    com.unity.modules.vectorgraphics@1.0.0 (location: C:\Users\Jenso\OneDrive\Documents\GitHub\Open-World-Game\Library\PackageCache\com.unity.modules.vectorgraphics)
    com.unity.modules.vehicles@1.0.0 (location: C:\Users\Jenso\OneDrive\Documents\GitHub\Open-World-Game\Library\PackageCache\com.unity.modules.vehicles)
    com.unity.modules.video@1.0.0 (location: C:\Users\Jenso\OneDrive\Documents\GitHub\Open-World-Game\Library\PackageCache\com.unity.modules.video)
    com.unity.modules.wind@1.0.0 (location: C:\Users\Jenso\OneDrive\Documents\GitHub\Open-World-Game\Library\PackageCache\com.unity.modules.wind)
    com.unity.modules.xr@1.0.0 (location: C:\Users\Jenso\OneDrive\Documents\GitHub\Open-World-Game\Library\PackageCache\com.unity.modules.xr)
    com.unity.modules.subsystems@1.0.0 (location: C:\Users\Jenso\OneDrive\Documents\GitHub\Open-World-Game\Library\PackageCache\com.unity.modules.subsystems)
    com.unity.modules.hierarchycore@1.0.0 (location: C:\Users\Jenso\OneDrive\Documents\GitHub\Open-World-Game\Library\PackageCache\com.unity.modules.hierarchycore)
[Subsystems] No new subsystems found in resolved package list.
<<<<<<< Updated upstream
<<<<<<< HEAD
<<<<<<< HEAD
[Package Manager] Done registering packages in 0.02 seconds
=======
[Package Manager] Done registering packages in 0.04 seconds
>>>>>>> eefeaf5076fe6a956ea262b9c56e58161e5199f4
=======
[Package Manager] Done registering packages in 0.06 seconds
>>>>>>> be03193a4e4b6392105d85a0effc939e233c1b2c
=======
[Package Manager] Done registering packages in 0.02 seconds
>>>>>>> Stashed changes
info: Microsoft.Hosting.Lifetime[14]
      Now listening on: http://localhost:80
info: Microsoft.Hosting.Lifetime[0]
      Application started. Press Ctrl+C to shut down.
info: Microsoft.Hosting.Lifetime[0]
      Hosting environment: Production
info: Microsoft.Hosting.Lifetime[0]
      Content root path: C:\Users\Jenso\OneDrive\Documents\GitHub\Open-World-Game
info: Microsoft.AspNetCore.Hosting.Diagnostics[1]
      Request starting HTTP/2 POST http://ilpp/UnityILPP.PostProcessing/Ping - application/grpc -
info: Microsoft.AspNetCore.Routing.EndpointMiddleware[0]
      Executing endpoint 'gRPC - /UnityILPP.PostProcessing/Ping'
info: Microsoft.AspNetCore.Routing.EndpointMiddleware[1]
      Executed endpoint 'gRPC - /UnityILPP.PostProcessing/Ping'
info: Microsoft.AspNetCore.Hosting.Diagnostics[2]
<<<<<<< Updated upstream
<<<<<<< HEAD
<<<<<<< HEAD
      Request finished HTTP/2 POST http://ilpp/UnityILPP.PostProcessing/Ping - 200 - application/grpc 46.6779ms
=======
      Request finished HTTP/2 POST http://ilpp/UnityILPP.PostProcessing/Ping - 200 - application/grpc 36.4025ms
>>>>>>> Stashed changes
Starting: C:\Program Files\Unity\Hub\Editor\6000.5.6f1\Editor\Data\Tools\BuildPipeline\bee_backend.exe --ipc --defer-dag-verification --dagfile="Library/Bee/1900b0aE.dag" --continue-on-failure --profile="Library/Bee/backend1.traceevents" ScriptAssemblies
WorkingDir: C:/Users/Jenso/OneDrive/Documents/GitHub/Open-World-Game
ExitCode: 0 Duration: 0s147ms
*** Tundra build success (0.05 seconds), 0 items updated, 169 evaluated
<<<<<<< Updated upstream
AssetDatabase: script compilation time: 0.743683s
=======
      Request finished HTTP/2 POST http://ilpp/UnityILPP.PostProcessing/Ping - 200 - application/grpc 74.3175ms
Starting: C:\Program Files\Unity\Hub\Editor\6000.5.6f1\Editor\Data\Tools\BuildPipeline\bee_backend.exe --ipc --defer-dag-verification --dagfile="Library/Bee/1900b0aE.dag" --continue-on-failure --profile="Library/Bee/backend1.traceevents" ScriptAssemblies
WorkingDir: C:/Users/barna/Documents/home/game with jenson/Open-World-Game
Total cache size 237068
ExitCode: 0 Duration: 0s308ms
*** Tundra build success (0.16 seconds), 0 items updated, 169 evaluated
Total cache size after purge 237068, took 00:00:00.0276362
AssetDatabase: script compilation time: 1.196414s
>>>>>>> eefeaf5076fe6a956ea262b9c56e58161e5199f4
=======
      Request finished HTTP/2 POST http://ilpp/UnityILPP.PostProcessing/Ping - 200 - application/grpc 57.8541ms
Starting: C:\Program Files\Unity\Hub\Editor\6000.5.6f1\Editor\Data\Tools\BuildPipeline\bee_backend.exe --ipc --defer-dag-verification --dagfile="Library/Bee/1900b0aE.dag" --continue-on-failure --profile="Library/Bee/backend1.traceevents" ScriptAssemblies
WorkingDir: C:/Users/barna/Documents/home/game with jenson/Open-World-Game
Total cache size 237068
ExitCode: 0 Duration: 0s263ms
*** Tundra build success (0.13 seconds), 0 items updated, 169 evaluated
Total cache size after purge 237068, took 00:00:00.0263249
AssetDatabase: script compilation time: 1.011892s
>>>>>>> be03193a4e4b6392105d85a0effc939e233c1b2c
=======
AssetDatabase: script compilation time: 0.706773s
>>>>>>> Stashed changes
Begin MonoManager ReloadAssembly
Native extension for WindowsStandalone target not found
Native extension for WebGL target not found
ScheduleIndexationOnStartup MainProcess:True IndexOnStartup:True
Mono: successfully reloaded assembly
<<<<<<< Updated upstream
<<<<<<< HEAD
<<<<<<< HEAD
- Finished resetting the current domain, in  0.660 seconds
Domain Reload Profiling: 1338ms
	BeginReloadAssembly (436ms)
		DisableScriptedObjects (43ms)
		CreateAndSetChildDomain (168ms)
	RebuildCommonClasses (14ms)
	RebuildNativeTypeToScriptingClass (21ms)
	initialDomainReloadingComplete (71ms)
	LoadAllAssembliesAndSetupDomain (133ms)
		LoadAssemblies (158ms)
		AnalyzeDomain (13ms)
			TypeCache.Refresh (8ms)
=======
- Finished resetting the current domain, in  0.676 seconds
Domain Reload Profiling: 1337ms
	BeginReloadAssembly (430ms)
		DisableScriptedObjects (49ms)
		CreateAndSetChildDomain (163ms)
	RebuildCommonClasses (10ms)
	RebuildNativeTypeToScriptingClass (18ms)
	initialDomainReloadingComplete (66ms)
	LoadAllAssembliesAndSetupDomain (134ms)
		LoadAssemblies (149ms)
		AnalyzeDomain (16ms)
			TypeCache.Refresh (10ms)
				TypeCache.ScanAssembly (4ms)
>>>>>>> Stashed changes
			BuildScriptInfoCaches (4ms)
	FinalizeReload (679ms)
		SetupLoadedEditorAssemblies (0ms)
			InitializePlatformSupportModulesInManaged (4ms)
			BeforeProcessingInitializeOnLoad (117ms)
			ProcessInitializeOnLoadAttributes (135ms)
			ProcessInitializeOnLoadMethodAttributes (103ms)
			AfterProcessingInitializeOnLoad (14ms)
		AwakeInstancesAfterBackupRestoration (36ms)
Starting new worker id: 0 with log in C:/Users/Jenso/OneDrive/Documents/GitHub/Open-World-Game/Logs/AssetImportWorkerHW0.log

Asset Pipeline Refresh (id=839e8296467f6834e85b741dc46041aa): Total: 2.495 seconds - Initiated by InitialRefreshV2(ForceSynchronousImport)
	(Values over 0.05ms)
	Summary:
		Imports: total=0 (actual=0, local cache=0, cache server=0)
		Asset DB Process Time: managed=0 ms, native=964 ms
		Asset DB Callback time: managed=60 ms, native=25 ms
		Scripting: domain reloads=1, domain reload time=716 ms, compile time=710 ms, other=16 ms
		Project Asset Count: scripts=113, non-scripts=82
		Asset File Changes: new=0, changed=0, moved=0, deleted=0
		Scan Filter Count: 0
<<<<<<< Updated upstream
	InvokePackagesCallback: 33.012ms
	ApplyChangesToAssetFolders: 2.924ms
	Scan: 93.052ms
	Collect global state as custom dependencies: 18.148ms
	CategorizeScriptCompilationAssets: 0.556ms
	ProcessAssetsWithTransientArtifactChanges: 3.642ms
	CategorizeAssets: 4.667ms
	CompileScripts: 746.730ms
	ImportOutOfDateAssets: 730.541ms (670.243ms without children)
		UnloadImportedAssets: 0.206ms
		EnsureUptoDateAssetsAreRegisteredWithGuidPM: 0.098ms
		ImportSchedulerStart: 59.988ms
	PostProcessAllAssets: 51.572ms
		MonoPostProcessAllAssets: 51.380ms
			WindowAssetPostprocessingWatcher.OnPostprocessAllAssets 18.597ms
			SyncVS.PostprocessSyncProject 7.327ms
			EditModeScopePostprocessor.OnPostprocessAllAssets 2.315ms
			SpeedTree9Postprocessor.OnPostprocessAllAssets 1.264ms
			ReferencedClipsPostProcessor.OnPostprocessAllAssets 0.414ms
			TerrainToolbarOverlayPostProcessor.OnPostprocessAllAssets 0.296ms
			AssetDatabaseCallbacks.OnPostprocessAllAssets 0.244ms
			RenderPipelineGlobalSettingsPostprocessor.OnPostprocessAllAssets 0.144ms
	UnloadStreamsBegin: 3.284ms
	GenerateScriptTypeHashes: 0.340ms
	GenerateScriptTypeSerializationHashes: 0.692ms
	Untracked: 826.263ms

Application.AssetDatabase Initial Refresh End
Launched and connected shader compiler UnityShaderCompiler.exe after 0.05 seconds
Scanning for USB devices : 4.164ms
=======
- Finished resetting the current domain, in  1.471 seconds
Domain Reload Profiling: 2613ms
	BeginReloadAssembly (637ms)
		DisableScriptedObjects (77ms)
		CreateAndSetChildDomain (89ms)
	RebuildCommonClasses (27ms)
	RebuildNativeTypeToScriptingClass (54ms)
	initialDomainReloadingComplete (136ms)
	LoadAllAssembliesAndSetupDomain (282ms)
		LoadAssemblies (329ms)
		AnalyzeDomain (26ms)
			TypeCache.Refresh (15ms)
				TypeCache.ScanAssembly (6ms)
			BuildScriptInfoCaches (8ms)
	FinalizeReload (1476ms)
=======
- Finished resetting the current domain, in  1.137 seconds
Domain Reload Profiling: 2064ms
	BeginReloadAssembly (517ms)
		DisableScriptedObjects (74ms)
		CreateAndSetChildDomain (76ms)
	RebuildCommonClasses (17ms)
	RebuildNativeTypeToScriptingClass (42ms)
	initialDomainReloadingComplete (119ms)
	LoadAllAssembliesAndSetupDomain (227ms)
		LoadAssemblies (273ms)
		AnalyzeDomain (20ms)
			TypeCache.Refresh (11ms)
				TypeCache.ScanAssembly (4ms)
			BuildScriptInfoCaches (6ms)
	FinalizeReload (1141ms)
>>>>>>> be03193a4e4b6392105d85a0effc939e233c1b2c
		SetupLoadedEditorAssemblies (0ms)
			InitializePlatformSupportModulesInManaged (5ms)
			BeforeProcessingInitializeOnLoad (183ms)
			ProcessInitializeOnLoadAttributes (209ms)
			ProcessInitializeOnLoadMethodAttributes (241ms)
			AfterProcessingInitializeOnLoad (34ms)
		AwakeInstancesAfterBackupRestoration (50ms)
Starting new worker id: 0 with log in C:/Users/barna/Documents/home/game with jenson/Open-World-Game/Logs/AssetImportWorkerHW0.log

Asset Pipeline Refresh (id=acf3bccf4056a9f47bb91b7651da9841): Total: 3.626 seconds - Initiated by InitialRefreshV2(ForceSynchronousImport)
	(Values over 0.05ms)
	Summary:
		Imports: total=0 (actual=0, local cache=0, cache server=0)
		Asset DB Process Time: managed=0 ms, native=1418 ms
		Asset DB Callback time: managed=69 ms, native=61 ms
		Scripting: domain reloads=1, domain reload time=1026 ms, compile time=1018 ms, other=32 ms
		Project Asset Count: scripts=113, non-scripts=82
		Asset File Changes: new=0, changed=0, moved=0, deleted=0
		Scan Filter Count: 0
	InvokePackagesCallback: 67.185ms
	ApplyChangesToAssetFolders: 1.177ms
	Scan: 91.724ms
	Collect global state as custom dependencies: 16.611ms
	CategorizeScriptCompilationAssets: 0.547ms
	ProcessAssetsWithTransientArtifactChanges: 1.945ms
	CategorizeAssets: 2.856ms
	CompileScripts: 1017.851ms
	ImportOutOfDateAssets: 1180.399ms (1145.603ms without children)
		UnloadImportedAssets: 0.270ms
		EnsureUptoDateAssetsAreRegisteredWithGuidPM: 0.079ms
		ImportSchedulerStart: 34.442ms
	PostProcessAllAssets: 69.142ms
		MonoPostProcessAllAssets: 69.020ms
			WindowAssetPostprocessingWatcher.OnPostprocessAllAssets 27.986ms
			SyncVS.PostprocessSyncProject 3.257ms
			EditModeScopePostprocessor.OnPostprocessAllAssets 2.933ms
			SpeedTree9Postprocessor.OnPostprocessAllAssets 2.330ms
			ReferencedClipsPostProcessor.OnPostprocessAllAssets 0.921ms
			TerrainToolbarOverlayPostProcessor.OnPostprocessAllAssets 0.557ms
			AssetDatabaseCallbacks.OnPostprocessAllAssets 0.494ms
			RenderPipelineGlobalSettingsPostprocessor.OnPostprocessAllAssets 0.261ms
	UnloadStreamsBegin: 4.377ms
	GenerateScriptTypeHashes: 0.532ms
	GenerateScriptTypeSerializationHashes: 1.156ms
	Untracked: 1159.398ms
=======
	InvokePackagesCallback: 29.262ms
	ApplyChangesToAssetFolders: 1.051ms
	Scan: 85.558ms
	Collect global state as custom dependencies: 19.026ms
	CategorizeScriptCompilationAssets: 0.713ms
	ProcessAssetsWithTransientArtifactChanges: 2.910ms
	CategorizeAssets: 3.428ms
	CompileScripts: 710.233ms
	ImportOutOfDateAssets: 739.300ms (683.357ms without children)
		UnloadImportedAssets: 0.271ms
		ImportSchedulerStart: 55.625ms
	PostProcessAllAssets: 60.303ms
		MonoPostProcessAllAssets: 60.189ms
			SyncVS.PostprocessSyncProject 33.931ms
			WindowAssetPostprocessingWatcher.OnPostprocessAllAssets 11.446ms
			EditModeScopePostprocessor.OnPostprocessAllAssets 1.720ms
			SpeedTree9Postprocessor.OnPostprocessAllAssets 1.005ms
			TerrainToolbarOverlayPostProcessor.OnPostprocessAllAssets 0.594ms
			ReferencedClipsPostProcessor.OnPostprocessAllAssets 0.341ms
			AssetDatabaseCallbacks.OnPostprocessAllAssets 0.197ms
			RenderPipelineGlobalSettingsPostprocessor.OnPostprocessAllAssets 0.112ms
	UnloadStreamsBegin: 1.872ms
	GenerateScriptTypeHashes: 0.684ms
	GenerateScriptTypeSerializationHashes: 1.271ms
	Untracked: 806.103ms
>>>>>>> Stashed changes

Application.AssetDatabase Initial Refresh End
<<<<<<< HEAD
Launched and connected shader compiler UnityShaderCompiler.exe after 0.03 seconds
<<<<<<< Updated upstream
Scanning for USB devices : 100.313ms
>>>>>>> eefeaf5076fe6a956ea262b9c56e58161e5199f4
=======
Launched and connected shader compiler UnityShaderCompiler.exe after 0.02 seconds
Scanning for USB devices : 102.504ms
>>>>>>> be03193a4e4b6392105d85a0effc939e233c1b2c
=======
Scanning for USB devices : 3.493ms
>>>>>>> Stashed changes
Initializing Unity extensions:
[MODES] ModeService[none].Initialize
[MODES] ModeService[none].LoadModes
[MODES] Loading mode Default (0) for mode-current-id-Open-World-Game
Unloading 2 Unused Serialized files (Serialized files now loaded: 0)
Loaded scene 'Assets/cylinder.unity'
<<<<<<< Updated upstream
<<<<<<< HEAD
<<<<<<< HEAD
	Deserialize:            3.901 ms
	Integration:            40.532 ms
	Integration of assets:  0.244 ms
	Thread Wait Time:       0.032 ms
	Total Operation Time:   44.709 ms
Unloading 76 unused Assets / (478.4 KB). Loaded Objects now: 747.
Memory consumption went from 204.6 MB to 204.2 MB.
Total: 7.892000 ms (FindLiveObjects: 0.234000 ms CreateObjectMapping: 0.020800 ms MarkObjects: 7.049800 ms  DeleteObjects: 0.429000 ms)
=======
	Deserialize:            1.965 ms
	Integration:            16.155 ms
	Integration of assets:  0.009 ms
	Thread Wait Time:       0.026 ms
	Total Operation Time:   18.155 ms
Unloading 76 unused Assets / (478.6 KB). Loaded Objects now: 739.
Memory consumption went from 200.7 MB to 200.2 MB.
Total: 14.811000 ms (FindLiveObjects: 0.118700 ms CreateObjectMapping: 0.027500 ms MarkObjects: 14.057100 ms  DeleteObjects: 0.602000 ms)
>>>>>>> eefeaf5076fe6a956ea262b9c56e58161e5199f4
=======
	Deserialize:            1.872 ms
	Integration:            18.358 ms
	Integration of assets:  0.008 ms
	Thread Wait Time:       0.017 ms
	Total Operation Time:   20.254 ms
Unloading 76 unused Assets / (483.7 KB). Loaded Objects now: 739.
Memory consumption went from 199.3 MB to 198.8 MB.
Total: 15.226800 ms (FindLiveObjects: 0.121500 ms CreateObjectMapping: 0.087800 ms MarkObjects: 14.390800 ms  DeleteObjects: 0.621200 ms)
>>>>>>> be03193a4e4b6392105d85a0effc939e233c1b2c
=======
	Deserialize:            3.626 ms
	Integration:            31.669 ms
	Integration of assets:  0.208 ms
	Thread Wait Time:       -0.183 ms
	Total Operation Time:   35.319 ms
Unloading 76 unused Assets / (484.4 KB). Loaded Objects now: 752.
Memory consumption went from 202.5 MB to 202.1 MB.
Total: 8.058700 ms (FindLiveObjects: 0.353700 ms CreateObjectMapping: 0.030800 ms MarkObjects: 7.101200 ms  DeleteObjects: 0.397600 ms)
>>>>>>> Stashed changes

[LAYOUT] About to load UserSettings\Layouts\default-6000.dwlt, keepMainWindow=False
[LAYOUT] About to save layout C:\Users\Jenso\OneDrive\Documents\GitHub\Open-World-Game\UserSettings\Layouts\default-6000.dwlt
[LAYOUT] About to save layout C:/Users/Jenso/AppData/Roaming/Unity/Editor-5.x/Preferences\Layouts\current\default-6000.dwlt
[MODES] ModeService[default].InitializeCurrentMode
[MODES] ModeService[default].RaiseModeChanged(default, default)
This project uses Input Manager, which is marked for deprecation. To manage input in your project, use the <a href="https://docs.unity3d.com/Packages/com.unity.inputsystem@latest">Input System package</a> instead.
<RI> Initializing input.
<RI> Input initialized.
[Project] Loading completed in 12.088 seconds
	Project init time: 				9.791 seconds
		Template init time: 		0.000 seconds
<<<<<<< Updated upstream
		Package Manager init time: 		2.756 seconds
		Asset Database init time: 		1.375 seconds
		Global illumination init time: 	0.017 seconds
		Assemblies load time: 			1.921 seconds
		Unity extensions init time: 	0.001 seconds
		Asset Database refresh time: 	2.528 seconds
	Scene opening time: 			1.799 seconds
##utp:{"type":"ProjectInfo","version":2,"phase":"Immediate","time":1785417061386,"processId":37596,"projectLoad":13.2491582,"projectInit":10.8672012,"templateInit":0.0,"packageManagerInit":2.7561312,"assetDatabaseInit":1.3753348,"globalIlluminationInit":0.0174918,"assembliesLoad":1.9209087,"unityExtensionsInit":0.0011776,"assetDatabaseRefresh":2.5277913,"sceneOpening":1.7988352}
##utp:{"type":"EditorInfo","version":2,"phase":"Immediate","time":1785417061388,"processId":37596,"editorVersion":"6000.5.6f1 (0e0577a1a2ac)","branch":"6000.5/staging","buildType":"Release","platform":"Windows"}
Asset Pipeline Refresh (id=bbc937709c273f14493a680cf104f23d): Total: 0.063 seconds - Initiated by RefreshV2(AllowForceSynchronousImport)
=======
GpuFence::Create(): Failed to create ID3D11Fence, error 0x80070057
[Project] Loading completed in 13.620 seconds
	Project init time: 				11.072 seconds
		Template init time: 		0.000 seconds
		Package Manager init time: 		3.692 seconds
		Asset Database init time: 		0.237 seconds
		Global illumination init time: 	0.005 seconds
<<<<<<< HEAD
		Assemblies load time: 			3.081 seconds
		Unity extensions init time: 	0.002 seconds
		Asset Database refresh time: 	4.399 seconds
	Scene opening time: 			2.491 seconds
##utp:{"type":"ProjectInfo","version":2,"phase":"Immediate","time":1785417350838,"processId":2264,"projectLoad":15.4506323,"projectInit":12.4254683,"templateInit":0.0,"packageManagerInit":3.2346022,"assetDatabaseInit":0.2763751,"globalIlluminationInit":0.0051044,"assembliesLoad":3.0809715,"unityExtensionsInit":0.0020024,"assetDatabaseRefresh":4.398539,"sceneOpening":2.4912382}
##utp:{"type":"EditorInfo","version":2,"phase":"Immediate","time":1785417350838,"processId":2264,"editorVersion":"6000.5.6f1 (0e0577a1a2ac)","branch":"6000.5/staging","buildType":"Release","platform":"Windows"}
Asset Pipeline Refresh (id=41e7d9222e6267c4fbd84196dc5f5aa4): Total: 0.056 seconds - Initiated by RefreshV2(AllowForceSynchronousImport)
>>>>>>> eefeaf5076fe6a956ea262b9c56e58161e5199f4
=======
		Assemblies load time: 			2.326 seconds
		Unity extensions init time: 	0.003 seconds
		Asset Database refresh time: 	3.627 seconds
	Scene opening time: 			2.287 seconds
##utp:{"type":"ProjectInfo","version":2,"phase":"Immediate","time":1785417427356,"processId":13788,"projectLoad":13.6204119,"projectInit":11.0716533,"templateInit":0.0,"packageManagerInit":3.6924457999999999,"assetDatabaseInit":0.2365474,"globalIlluminationInit":0.00461,"assembliesLoad":2.3261547,"unityExtensionsInit":0.0025514,"assetDatabaseRefresh":3.626532,"sceneOpening":2.2869166}
##utp:{"type":"EditorInfo","version":2,"phase":"Immediate","time":1785417427356,"processId":13788,"editorVersion":"6000.5.6f1 (0e0577a1a2ac)","branch":"6000.5/staging","buildType":"Release","platform":"Windows"}
>>>>>>> be03193a4e4b6392105d85a0effc939e233c1b2c
Worker ready: AssetImportWorkerHW0 0
Asset Pipeline Refresh (id=e6aa49f4154734244b8dfb0986957162): Total: 0.055 seconds - Initiated by RefreshV2(AllowForceSynchronousImport)
=======
		Package Manager init time: 		2.558 seconds
		Asset Database init time: 		1.219 seconds
		Global illumination init time: 	0.013 seconds
		Assemblies load time: 			1.662 seconds
		Unity extensions init time: 	0.002 seconds
		Asset Database refresh time: 	2.496 seconds
	Scene opening time: 			1.846 seconds
##utp:{"type":"ProjectInfo","version":2,"phase":"Immediate","time":1785422950240,"processId":35112,"projectLoad":12.0881564,"projectInit":9.7914503,"templateInit":0.0,"packageManagerInit":2.5580551,"assetDatabaseInit":1.2193478,"globalIlluminationInit":0.0132202,"assembliesLoad":1.662156,"unityExtensionsInit":0.0021419,"assetDatabaseRefresh":2.4961588,"sceneOpening":1.845541}
##utp:{"type":"EditorInfo","version":2,"phase":"Immediate","time":1785422950241,"processId":35112,"editorVersion":"6000.5.6f1 (0e0577a1a2ac)","branch":"6000.5/staging","buildType":"Release","platform":"Windows"}
Asset Pipeline Refresh (id=72e4844245c6fa340908af1c80965b05): Total: 0.097 seconds - Initiated by RefreshV2(AllowForceSynchronousImport)
>>>>>>> Stashed changes
Dynamic Batching is deprecated and will be removed in a future release. Use GPU Instancing instead. Disable Dynamic Batching in Project Settings > Player > Other Settings to remove this warning.
UnityEngine.Debug:ExtractStackTraceNoAlloc (byte*,int,string)
UnityEngine.StackTraceUtility:ExtractStackTrace ()
UnityEngine.DebugLogHandler:Internal_Log (UnityEngine.LogType,UnityEngine.LogOption,string,UnityEngine.Object)
UnityEngine.DebugLogHandler:LogFormat (UnityEngine.LogType,UnityEngine.Object,string,object[])
UnityEngine.Logger:Log (UnityEngine.LogType,object)
UnityEngine.Debug:LogWarning (object)
UnityEditor.PlayerSettingsBatchingWarning:WarnIfDynamicBatchingEnabled ()
UnityEditor.EditorApplication:Internal_CallUpdateFunctions ()

Start Indexing on Editor startup
[Indexing] Starting Initial Indexing for Assets
<<<<<<< Updated upstream
<<<<<<< HEAD
<<<<<<< HEAD
Created GICache directory at C:/Users/Jenso/AppData/LocalLow/Unity/Caches/GiCache. Took: 0.074s, timestamps: [16.914 - 16.987]
=======
Worker ready: AssetImportWorkerHW0 0
Created GICache directory at C:/Users/Jenso/AppData/LocalLow/Unity/Caches/GiCache. Took: 0.040s, timestamps: [12.228 - 12.268]
>>>>>>> Stashed changes
[Licensing::Client] Successfully resolved entitlement details
[Licensing::Client] Successfully resolved entitlement details
[Licensing::Client] Successfully updated the access token
[Licensing::Module] Successfully updated access token: "lum4YUqz"... (expires: 2026-07-30T16:13:16Z)
[Licensing::Client] Successfully resolved entitlement details
<<<<<<< Updated upstream
Asset Pipeline Refresh (id=30d77986c5b0d0b4f8e1290791a753b4): Total: 0.043 seconds - Initiated by RefreshV2(AllowForceSynchronousImport)
TrimDiskCacheJob: Current cache size 0mb
Asset Pipeline Refresh (id=c17d71e81461f204c826d3d8bcb348b3): Total: 0.068 seconds - Initiated by RefreshV2(AllowForceSynchronousImport)
Importing 'GUID: d61b1cb6d4904d74b92bef7fa166c12b - Path: Assets/cylinder.unity' with importer (DefaultImporter)
Imported 'GUID: d61b1cb6d4904d74b92bef7fa166c12b' -> (Import Result ID: 'ae4355cfb78764bd585f84c343a49005') in 0.049 seconds [static dependencies only]. Details - ImportResultOutputID=fce76f82a3605a605fce742591d6a520 DependenciesID=0ef82a1db6fca7bb62a8d8d89d794706 StaticDependenciesID=77d2d8053d93bbdde0147ea2efdcc62d 

Asset Pipeline Refresh (id=0fa1bf19f2184c942a35e25402c8337c): Total: 0.356 seconds - Initiated by StopAssetImportingV2(NoUpdateAssetOptions)
	(Values over 0.05ms)
	Summary:
		Imports: total=1 (actual=1, local cache=0, cache server=0)
		Asset DB Process Time: managed=13 ms, native=144 ms
		Asset DB Callback time: managed=180 ms, native=17 ms
		Scripting: domain reloads=0, domain reload time=0 ms, compile time=0 ms, other=0 ms
		Project Asset Count: scripts=113, non-scripts=82
		Asset File Changes: new=0, changed=1, moved=0, deleted=0
		Scan Filter Count: 2
	ApplyChangesToAssetFolders: 0.086ms
	Scan: 52.123ms
	Collect global state as custom dependencies: 0.437ms
	OnSourceAssetsModified: 9.636ms
	CategorizeScriptCompilationAssets: 0.327ms
	ProcessAssetsWithTransientArtifactChanges: 0.462ms
	CategorizeAssets: 2.393ms
	ImportOutOfDateAssets: 86.317ms (13.085ms without children)
		ImportManagerImport: 64.533ms (8.702ms without children)
		UnloadImportedAssets: 0.504ms
		EnsureUptoDateAssetsAreRegisteredWithGuidPM: 0.052ms
		ImportSchedulerStart: 8.122ms
	PostProcessAllAssets: 177.658ms
		XRBuildSystem.XRAssetImported 0.441ms
		AssemblyValidation.PostprocessAllAssets 0.292ms
		PostProcessCallbackCreateDeferredMaterials 0.286ms
		ShaderAssetModifiedCallback 0.190ms
		RaytracingShaderImportPostprocess 0.187ms
		MonoPostProcessAllAssets: 173.187ms
			AssetPostprocessor.OnPostprocessAllAssets 71.881ms
			BuilderAssetPostprocessor.OnPostprocessAllAssets 25.472ms
			RetainedModeAssetPostprocessor.OnPostprocessAllAssets 21.840ms
			ArtifactBrowserPostProcessor.OnPostprocessAllAssets 14.654ms
			AssetChangedListener.OnPostprocessAllAssets 11.492ms
			TextAssetPostProcessor.OnPostprocessAllAssets 5.700ms
			AudioMixerPostprocessor.OnPostprocessAllAssets 2.888ms
			AssetEvents.OnPostprocessAllAssets 2.798ms
			ConfigAssetsTracker.OnPostprocessAllAssets 2.639ms
			ScenarioDriftAssetsTracker.OnPostprocessAllAssets 2.521ms
			StyleCatalogPostProcessor.OnPostprocessAllAssets 2.147ms
			SpeedTreePostProcessor.OnPostprocessAllAssets 1.519ms
			SpeedTree9Postprocessor.OnPostprocessAllAssets 0.321ms
			AssetDatabaseCallbacks.OnPostprocessAllAssets 0.281ms
			WindowAssetPostprocessingWatcher.OnPostprocessAllAssets 0.247ms
			EditModeScopePostprocessor.OnPostprocessAllAssets 0.245ms
			SyncVS.PostprocessSyncProject 0.180ms
			AudioContainerPostProcessor.OnPostprocessAllAssets 0.145ms
	PostAssetChangesProfiler: 10.705ms
	PersistCurrentRevisions: 1.196ms
	Untracked: 15.013ms

[Worker0] Imported GUID: d61b1cb6d4904d74b92bef7fa166c12b - Path: Assets/cylinder.unity - Importer: ScriptedImporter/UnityEditor.QuickSearchModule:UnityEditor.Search:ASIAI0B -> (ImportResultId: 'e16ac9fefe6302d0d687d3b7dc826b53') in 0.5487604 seconds
Asset Pipeline Refresh (id=a74d16904d1da224985b31af312f4ec0): Total: 0.037 seconds - Initiated by RefreshV2(AllowForceSynchronousImport)
MonoPathRemapper: Attempts to remap: 4945; Successful remaps: 420
=======
Created GICache directory at C:/Users/barna/AppData/LocalLow/Unity/Caches/GiCache. Took: 0.130s, timestamps: [18.533 - 18.663]
=======
Created GICache directory at C:/Users/barna/AppData/LocalLow/Unity/Caches/GiCache. Took: 0.099s, timestamps: [16.515 - 16.614]
>>>>>>> be03193a4e4b6392105d85a0effc939e233c1b2c
[Licensing::Client] Successfully resolved entitlement details
[Licensing::Client] Successfully resolved entitlement details
[Licensing::Client] Successfully updated the access token
[Licensing::Module] Successfully updated access token: "NlXYLr7V"... (expires: 2026-07-30T14:40:11Z)
[Licensing::Client] Successfully resolved entitlement details
<<<<<<< HEAD
Asset Pipeline Refresh (id=073354f6f4e1baf428ede4616da17be4): Total: 0.031 seconds - Initiated by RefreshV2(AllowForceSynchronousImport)
Asset Pipeline Refresh (id=873b873993436fa48aec7d079b1f625e): Total: 0.008 seconds - Initiated by RefreshV2(AllowForceSynchronousImport)
MonoPathRemapper: Attempts to remap: 1554; Successful remaps: 364
>>>>>>> eefeaf5076fe6a956ea262b9c56e58161e5199f4
=======
Asset Pipeline Refresh (id=b845ba177adb55c4aab5f75c553812b4): Total: 0.011 seconds - Initiated by RefreshV2(AllowForceSynchronousImport)
Importing 'GUID: 72739509cbb56df47a620222b86eeefc - Path: Assets/Tree.prefab' with importer (PrefabImporter)
Imported 'GUID: 72739509cbb56df47a620222b86eeefc' -> (Import Result ID: 'efa0a05f2c81f4be4683e2a29f9165af') in 0.030 seconds [static dependencies only]. Details - ImportResultOutputID=8c5b187a284440935d84966440d572c4 DependenciesID=d89e5e882eb9779008c6b55c8871f814 StaticDependenciesID=da8b1422bfa3f2fbca835ea5499ac86e 
Asset Pipeline Refresh (id=e7e984267d4e0e24eaac6ce74c8c2584): Total: 0.109 seconds - Initiated by StopAssetImportingV2(NoUpdateAssetOptions)
Importing 'GUID: a4998ef81ee19b445b0068a65d9e99a2 - Path: Assets/Tree_Textures' with importer (DefaultImporter)
Imported 'GUID: a4998ef81ee19b445b0068a65d9e99a2' -> (Import Result ID: '4d4473a279d4a7b76b16037dace27fbe') in 0.036 seconds [static dependencies only]. Details - ImportResultOutputID=c56c924e037b15cb6c9afe8b03f78347 DependenciesID=9b26b451ca72a20ed0fb39ef37295f35 StaticDependenciesID=b03f2699a956b81629e55be7536a305f 
Importing 'GUID: 402a85ecffaa6964cae46384dc99263e - Path: Assets/Tree_Textures/shadow.png' with importer (TextureImporter)
Imported 'GUID: 402a85ecffaa6964cae46384dc99263e' -> (Import Result ID: 'c8a77ba57897d542887eb6758e9d81d0') in 0.035 seconds [static and dynamic dependencies]. Details - ImportResultOutputID=d69c1bdd28fe0d7659f805784fdd7d20 DependenciesID=f4e5c8d2a2149056771b1b6af62d46e8 StaticDependenciesID=5f0159a6822217ea6598a909169516a7 
Importing 'GUID: d2a1f4fa5985372469df8d7fc423000f - Path: Assets/Tree_Textures/translucency_gloss.png' with importer (TextureImporter)
Imported 'GUID: d2a1f4fa5985372469df8d7fc423000f' -> (Import Result ID: '34deb32f5b4947a9ff02b47ae5461ffa') in 0.025 seconds [static and dynamic dependencies]. Details - ImportResultOutputID=99fa37e3e931b5dd876a04f06c4d95f9 DependenciesID=c0e5ca10c0265ff7b521a96228a08655 StaticDependenciesID=86b2d7650db678690c79db58d759ba66 
Importing 'GUID: a676ce5e97bcdba4aa9c54772f1c640b - Path: Assets/Tree_Textures/diffuse.png' with importer (TextureImporter)
Imported 'GUID: a676ce5e97bcdba4aa9c54772f1c640b' -> (Import Result ID: 'd1acba4d52adc29532f264262569292b') in 0.026 seconds [static and dynamic dependencies]. Details - ImportResultOutputID=4f0fee535cf4b0a49d1626ccc6aab739 DependenciesID=c0ab7a3587f8280ad369cef852c4101c StaticDependenciesID=2ab70b420fe5d2d9329a9d42f25874a6 
Importing 'GUID: ce594381d1774b94c895e0b080b95212 - Path: Assets/Tree_Textures/normal_specular.png' with importer (TextureImporter)
Imported 'GUID: ce594381d1774b94c895e0b080b95212' -> (Import Result ID: '960b8d104362cc2b01679170906a39cb') in 0.026 seconds [static and dynamic dependencies]. Details - ImportResultOutputID=205cb64c8ff0eceaac22d8f9ce1e640a DependenciesID=64771ed6ac9fe062bfd71a39230ebd61 StaticDependenciesID=0f845222ebbbaaf2b11c3e56818fd5ea 
Asset Pipeline Refresh (id=189f355b6742eb84786d4b3f528fc1f4): Total: 0.231 seconds - Initiated by RefreshV2(NoUpdateAssetOptions)
Importing 'GUID: 402a85ecffaa6964cae46384dc99263e - Path: Assets/Tree_Textures/shadow.png' with importer (TextureImporter)
Imported 'GUID: 402a85ecffaa6964cae46384dc99263e' -> (Import Result ID: '4b40a26949d565ff2c5335ba2246427c') in 0.008 seconds [static and dynamic dependencies]. Details - ImportResultOutputID=6ebe5097b49696b6b352f60835d32915 DependenciesID=3e933c933cadbe7da12231e72b5c7ebc StaticDependenciesID=3e428cbc9a61a2314fa1d6e0fe2b24b0 
Importing 'GUID: d2a1f4fa5985372469df8d7fc423000f - Path: Assets/Tree_Textures/translucency_gloss.png' with importer (TextureImporter)
Imported 'GUID: d2a1f4fa5985372469df8d7fc423000f' -> (Import Result ID: '2a5c4b51e986eacc5e29e14e36f19233') in 0.006 seconds [static and dynamic dependencies]. Details - ImportResultOutputID=891ddf544e704eb2d0593a83c9c76413 DependenciesID=5e1cb95f139fe1ea023ef7edacc561c0 StaticDependenciesID=d23f82ff3b76127a8e563421712c0e92 
Importing 'GUID: a676ce5e97bcdba4aa9c54772f1c640b - Path: Assets/Tree_Textures/diffuse.png' with importer (TextureImporter)
Imported 'GUID: a676ce5e97bcdba4aa9c54772f1c640b' -> (Import Result ID: '781d38b2da8c8d239f390d5334461519') in 0.008 seconds [static and dynamic dependencies]. Details - ImportResultOutputID=b963d5cfef7038760b2b6ca8e08b820d DependenciesID=0f09965a9b5bf9256bb268c450a888de StaticDependenciesID=f6b0bf019e920070fc5d356e19ae1bf4 
Importing 'GUID: ce594381d1774b94c895e0b080b95212 - Path: Assets/Tree_Textures/normal_specular.png' with importer (TextureImporter)
Imported 'GUID: ce594381d1774b94c895e0b080b95212' -> (Import Result ID: 'cbc4cb9fad7e081d002b3211fabad699') in 0.006 seconds [static and dynamic dependencies]. Details - ImportResultOutputID=5d246a3cb3e2dcdfc1b700a71526cf2e DependenciesID=df03535ee9aa27ac2d411144a2044f21 StaticDependenciesID=c238562b662ecb2cea6a33a556a2a18f 
Asset Pipeline Refresh (id=cbbdb41c30b89964593eae446c5fb4dd): Total: 0.125 seconds - Initiated by StopAssetImportingV2(NoUpdateAssetOptions)
Importing 'GUID: 402a85ecffaa6964cae46384dc99263e - Path: Assets/Tree_Textures/shadow.png' with importer (TextureImporter)
Imported 'GUID: 402a85ecffaa6964cae46384dc99263e' -> (Import Result ID: '788127dc207be3bc21fb2859490c1cb1') in 0.015 seconds [static and dynamic dependencies]. Details - ImportResultOutputID=52597c8c118f8b4ff0c8acead0404b11 DependenciesID=0570851de4e023f35ec6e496efff42e2 StaticDependenciesID=f25142c95c3e1a7d96f90d8864f2641f 
Asset Pipeline Refresh (id=58f67c1593ccbf847a177b86f6b25e79): Total: 0.076 seconds - Initiated by StopAssetImportingV2(NoUpdateAssetOptions)
Importing 'GUID: 72739509cbb56df47a620222b86eeefc - Path: Assets/Tree.prefab' with importer (PrefabImporter)
Imported 'GUID: 72739509cbb56df47a620222b86eeefc' -> (Import Result ID: 'c1c3555f77311d8519720ec23e7d7da8') in 0.009 seconds [static and dynamic dependencies]. Details - ImportResultOutputID=0f53e995d26da81102c4d42b4a3d7c70 DependenciesID=be5db7e19bf77d0129c80051b17fb205 StaticDependenciesID=fc32219d26528c7b85ee61ce5bb48f3a 
Asset Pipeline Refresh (id=98474bc73f754a440a2da61aa7db2aec): Total: 0.084 seconds - Initiated by StopAssetImportingV2(NoUpdateAssetOptions)
Launched and connected shader compiler UnityShaderCompiler.exe after 0.03 seconds
Launched and connected shader compiler UnityShaderCompiler.exe after 0.03 seconds
Launched and connected shader compiler UnityShaderCompiler.exe after 0.06 seconds
TrimDiskCacheJob: Current cache size 0mb
[Worker0] Imported GUID: 72739509cbb56df47a620222b86eeefc - Path: Assets/Tree.prefab - Importer: PreviewImporter -> (ImportResultId: '420b57bf6621705ba54e2499e33dea52') in 1.683163 seconds
[Worker0] Imported GUID: 72739509cbb56df47a620222b86eeefc - Path: Assets/Tree.prefab - Importer: ScriptedImporter/UnityEditor.QuickSearchModule:UnityEditor.Search:ASIAI0B -> (ImportResultId: '77d9c491192fa8b81acbd9390e413e2c') in 0.3462826 seconds
[Worker0] Imported GUID: 402a85ecffaa6964cae46384dc99263e - Path: Assets/Tree_Textures/shadow.png - Importer: ScriptedImporter/UnityEditor.QuickSearchModule:UnityEditor.Search:ASIAI0B -> (ImportResultId: 'ef9ab6ddbd2fe49d466246448f82724a') in 0.114457 seconds
[Worker0] Imported GUID: d2a1f4fa5985372469df8d7fc423000f - Path: Assets/Tree_Textures/translucency_gloss.png - Importer: ScriptedImporter/UnityEditor.QuickSearchModule:UnityEditor.Search:ASIAI0B -> (ImportResultId: '17a5963dbdb1459e2be0b1b699f4ae3c') in 0.0294928 seconds
[Worker0] Imported GUID: ce594381d1774b94c895e0b080b95212 - Path: Assets/Tree_Textures/normal_specular.png - Importer: ScriptedImporter/UnityEditor.QuickSearchModule:UnityEditor.Search:ASIAI0B -> (ImportResultId: '4b40e6985371f1ce9598cabc5697efd1') in 0.0461926 seconds
[Worker0] Imported GUID: a4998ef81ee19b445b0068a65d9e99a2 - Path: Assets/Tree_Textures - Importer: ScriptedImporter/UnityEditor.QuickSearchModule:UnityEditor.Search:ASIAI0B -> (ImportResultId: '6163451887d58cae0c6940160f140c3d') in 0.0247686 seconds
[Worker0] Imported GUID: a676ce5e97bcdba4aa9c54772f1c640b - Path: Assets/Tree_Textures/diffuse.png - Importer: ScriptedImporter/UnityEditor.QuickSearchModule:UnityEditor.Search:ASIAI0B -> (ImportResultId: '330f686c1b44753d810c8dcb9de5e5e2') in 0.0418333 seconds
Asset Pipeline Refresh (id=246a38895d4a34846956095d234e9386): Total: 0.031 seconds - Initiated by RefreshV2(AllowForceSynchronousImport)
Asset Pipeline Refresh (id=54d950bc4b9b0c241861fa0619d6e834): Total: 0.009 seconds - Initiated by RefreshV2(AllowForceSynchronousImport)
Asset Pipeline Refresh (id=f478dc2dbd053a044a25b487e0d334bf): Total: 0.036 seconds - Initiated by StopAssetImportingV2(NoUpdateAssetOptions)
Importing 'GUID: d61b1cb6d4904d74b92bef7fa166c12b - Path: Assets/cylinder.unity' with importer (DefaultImporter)
Imported 'GUID: d61b1cb6d4904d74b92bef7fa166c12b' -> (Import Result ID: '893b44ec2764c72c67b0dfbe72684cb8') in 0.004 seconds [static dependencies only]. Details - ImportResultOutputID=fce76f82a3605a605fce742591d6a520 DependenciesID=a198472265965276dc44658b5fc626a4 StaticDependenciesID=b6d63cf173711c18d7b93bf0cd232f9f 
Asset Pipeline Refresh (id=8d6d9e45c04e55e45826c5a89c1f4080): Total: 0.049 seconds - Initiated by StopAssetImportingV2(NoUpdateAssetOptions)
[Worker0] Imported GUID: d61b1cb6d4904d74b92bef7fa166c12b - Path: Assets/cylinder.unity - Importer: ScriptedImporter/UnityEditor.QuickSearchModule:UnityEditor.Search:ASIAI0B -> (ImportResultId: '8cef77125ffd8c05711215019c321fb8') in 0.0187255 seconds
Asset Pipeline Refresh (id=48dac904fb51172459f0de4ca3986211): Total: 0.028 seconds - Initiated by RefreshV2(AllowForceSynchronousImport)
MonoPathRemapper: Attempts to remap: 3320; Successful remaps: 364
>>>>>>> be03193a4e4b6392105d85a0effc939e233c1b2c
=======
MonoPathRemapper: Attempts to remap: 2570; Successful remaps: 420
>>>>>>> Stashed changes
Serialized file version minimum: 23, current 23
[LAYOUT] About to save layout C:\Users\Jenso\OneDrive\Documents\GitHub\Open-World-Game\UserSettings\Layouts\default-6000.dwlt
[LAYOUT] About to save layout C:/Users/Jenso/AppData/Roaming/Unity/Editor-5.x/Preferences\Layouts\current\default-6000.dwlt
[Physics::Module] Cleanup current backend.
[Physics::Module] Id: 0xf2b8ea05
Input System module state changed to: ShutdownInProgress.
Input Polling Thread exited.
Input System module state changed to: Shutdown.
[Licensing::IpcConnector] LicenseClient-Jenso-6000.5.6-notifications channel disconnected successfully.
[Licensing::IpcConnector] LicenseClient-Jenso-6000.5.6 channel disconnected successfully.
Shut down.
AcceleratorClientConnectionCallback - disconnected - :0
Cleanup mono
CodeReloadManager destroyed
abort_threads: Failed aborting id: 0000000000005D3C, mono_thread_manage will ignore it

abort_threads: Failed aborting id: 0000000000009190, mono_thread_manage will ignore it

abort_threads: Failed aborting id: 0000000000005D3C, mono_thread_manage will ignore it

abort_threads: Failed aborting id: 0000000000009190, mono_thread_manage will ignore it

debugger-agent: Unable to listen on 4888
Checking for leaked weakptr:
  Found no leaked weakptrs.
[Package Manager] Server process was shutdown
<<<<<<< Updated upstream
##utp:{"type":"MemoryLeaks","version":2,"phase":"Immediate","time":1785417443030,"processId":37596,"allocatedMemory":47817904,"memoryLabels":[{"Default":170455},{"Permanent":15516},{"NewDelete":68541},{"Thread":4210040},{"Manager":32584},{"VertexData":8},{"Geometry":816},{"Texture":24},{"Shader":849106},{"Material":2308},{"GfxDevice":64088},{"GfxThread":14592},{"Animation":952},{"Audio":1544},{"FreeType":8},{"FontEngine":736},{"Physics":2146},{"Physics2D":16},{"Serialization":204968},{"Input":42840},{"JobScheduler":256},{"TextLib":20776},{"Mono":48},{"ScriptingNativeRuntime":707732},{"BaseObject":1675721},{"Resource":1208},{"Renderer":3080},{"Transform":4685},{"File":4001},{"WebCam":616},{"Culling":32},{"Terrain":11442},{"Wind":24},{"STL":40},{"String":9671},{"StaticString":3808},{"Utility":2673426},{"Curl":48},{"PoolAlloc":2168},{"AI":80},{"TypeTree":8869},{"CodeReload":448},{"RuntimeInitializeOnLoadManager":64},{"Sprites":102},{"SpriteAtlas":120},{"GI":7816},{"Director":8296},{"CloudService":7208},{"WebRequest":6927},{"VR":47114},{"SceneManager":608},{"Video":208},{"LazyScriptCache":32},{"NativeArray":33050128},{"Camera":237337},{"Secure":265},{"SerializationCache":1576},{"APIUpdating":10320},{"Subsystems":336},{"VirtualTexturing":57888},{"StaticSafetyDebugInfo":278528},{"Analytics":552},{"Hierarchy":1176},{"UIElements":1406504},{"CoreStats":13688},{"Identifiers":6768},{"Gui":1069725},{"EditorUtility":246744},{"VersionControl":8},{"Undo":931},{"AssetDatabase":495106},{"AssetImporter":40},{"EditorGi":328},{"UnityConnect":35345},{"Upm":1988},{"UpmDiagnostics":8},{"AssetCompliance":64},{"DrivenProperties":72},{"LocalIPC":211},{"ProfilerEditor":9746},{"CoreBusinessMetrics":3480},{"Windowing":456},{"Licensing":664},{"AssetReference":32},{"IPCStream":32}]}
=======
[Licensing::IpcConnector] LicenseClient-Barney-6000.5.6-notifications channel disconnected successfully.
[Licensing::IpcConnector] LicenseClient-Barney-6000.5.6 channel disconnected successfully.
Shut down.
AcceleratorClientConnectionCallback - disconnected - :0
Cleanup mono
CodeReloadManager destroyed
abort_threads: Failed aborting id: 00000000000003A4, mono_thread_manage will ignore it

abort_threads: Failed aborting id: 0000000000000D24, mono_thread_manage will ignore it

abort_threads: Failed aborting id: 00000000000003A4, mono_thread_manage will ignore it

abort_threads: Failed aborting id: 0000000000000D24, mono_thread_manage will ignore it

debugger-agent: Unable to listen on 3468
Checking for leaked weakptr:
  Found no leaked weakptrs.
[Package Manager] Server process was shutdown
<<<<<<< HEAD
##utp:{"type":"MemoryLeaks","version":2,"phase":"Immediate","time":1785417371995,"processId":2264,"allocatedMemory":46140031,"memoryLabels":[{"Default":166343},{"Permanent":15516},{"NewDelete":66701},{"Thread":4197560},{"Manager":18437},{"VertexData":8},{"Geometry":816},{"Texture":24},{"Shader":847344},{"Material":24},{"GfxDevice":55328},{"Animation":952},{"Audio":1544},{"FreeType":8},{"FontEngine":736},{"Physics":2146},{"Physics2D":16},{"Serialization":47952},{"Input":42840},{"JobScheduler":256},{"TextLib":10582},{"Mono":48},{"ScriptingNativeRuntime":674964},{"BaseObject":1674185},{"Resource":1208},{"Renderer":3080},{"Transform":4685},{"File":4001},{"WebCam":616},{"Culling":32},{"Terrain":11442},{"Wind":24},{"STL":40},{"String":9644},{"StaticString":3808},{"Utility":2672338},{"Curl":48},{"PoolAlloc":2168},{"AI":80},{"TypeTree":8869},{"CodeReload":448},{"RuntimeInitializeOnLoadManager":64},{"Sprites":102},{"SpriteAtlas":120},{"GI":7816},{"Director":8296},{"CloudService":7208},{"WebRequest":7386},{"VR":47114},{"SceneManager":608},{"Video":112},{"LazyScriptCache":32},{"NativeArray":33043456},{"Camera":169},{"Secure":265},{"SerializationCache":1576},{"APIUpdating":10320},{"Subsystems":336},{"VirtualTexturing":57888},{"StaticSafetyDebugInfo":278528},{"Analytics":552},{"Hierarchy":1176},{"UIElements":1102240},{"CoreStats":13688},{"Identifiers":6768},{"Gui":267608},{"EditorUtility":181112},{"VersionControl":8},{"Undo":931},{"AssetDatabase":495288},{"AssetImporter":40},{"EditorGi":328},{"UnityConnect":35385},{"Upm":1988},{"UpmDiagnostics":8},{"AssetCompliance":64},{"DrivenProperties":72},{"LocalIPC":212},{"ProfilerEditor":9746},{"CoreBusinessMetrics":3480},{"Windowing":456},{"Licensing":664},{"AssetReference":32},{"IPCStream":32}]}
>>>>>>> eefeaf5076fe6a956ea262b9c56e58161e5199f4
=======
##utp:{"type":"MemoryLeaks","version":2,"phase":"Immediate","time":1785417672382,"processId":13788,"allocatedMemory":46464350,"memoryLabels":[{"Default":180539},{"Permanent":15516},{"NewDelete":67533},{"Thread":4197560},{"Manager":18693},{"VertexData":8},{"Geometry":816},{"Texture":24},{"Shader":847344},{"Material":3632},{"GfxDevice":55328},{"Animation":952},{"Audio":1544},{"FreeType":8},{"FontEngine":736},{"Physics":2146},{"Physics2D":16},{"Serialization":47952},{"Input":42840},{"JobScheduler":256},{"TextLib":10582},{"Mono":48},{"ScriptingNativeRuntime":707732},{"BaseObject":1693225},{"Resource":1208},{"Renderer":3080},{"Transform":4685},{"File":9967},{"WebCam":616},{"Culling":32},{"Terrain":11442},{"Wind":24},{"STL":40},{"String":9726},{"StaticString":3808},{"Utility":2672338},{"Curl":48},{"PoolAlloc":2168},{"AI":80},{"TypeTree":8869},{"CodeReload":448},{"RuntimeInitializeOnLoadManager":64},{"Sprites":102},{"SpriteAtlas":120},{"GI":7816},{"Director":8296},{"CloudService":7208},{"WebRequest":7159},{"VR":47114},{"SceneManager":608},{"Video":112},{"LazyScriptCache":32},{"NativeArray":33045120},{"Camera":47353},{"Secure":265},{"SerializationCache":1576},{"APIUpdating":10320},{"Subsystems":336},{"VirtualTexturing":57888},{"StaticSafetyDebugInfo":278528},{"Analytics":552},{"Hierarchy":1176},{"UIElements":1282824},{"CoreStats":13688},{"Identifiers":6768},{"Gui":267769},{"EditorUtility":186853},{"VersionControl":8},{"Undo":931},{"AssetDatabase":507752},{"AssetImporter":40},{"EditorGi":328},{"UnityConnect":35385},{"Upm":1988},{"UpmDiagnostics":8},{"AssetCompliance":64},{"DrivenProperties":72},{"LocalIPC":212},{"ProfilerEditor":9746},{"CoreBusinessMetrics":3480},{"Windowing":456},{"Licensing":664},{"AssetReference":32},{"IPCStream":32}]}
>>>>>>> be03193a4e4b6392105d85a0effc939e233c1b2c
=======
##utp:{"type":"MemoryLeaks","version":2,"phase":"Immediate","time":1785422961824,"processId":35112,"allocatedMemory":46257701,"memoryLabels":[{"Default":167871},{"Permanent":15516},{"NewDelete":67357},{"Thread":4209784},{"Manager":32584},{"VertexData":8},{"Geometry":816},{"Texture":24},{"Shader":849042},{"Material":24},{"GfxDevice":62072},{"GfxThread":13824},{"Animation":952},{"Audio":1544},{"FreeType":8},{"FontEngine":736},{"Physics":2146},{"Physics2D":16},{"Serialization":159272},{"Input":42840},{"JobScheduler":256},{"TextLib":19030},{"Mono":48},{"ScriptingNativeRuntime":674964},{"BaseObject":1675721},{"Resource":1208},{"Renderer":3080},{"Transform":4685},{"File":4001},{"WebCam":616},{"Culling":32},{"Terrain":11442},{"Wind":24},{"STL":40},{"String":9664},{"StaticString":3808},{"Utility":2673450},{"Curl":48},{"PoolAlloc":2168},{"AI":80},{"TypeTree":8869},{"CodeReload":448},{"RuntimeInitializeOnLoadManager":64},{"Sprites":102},{"SpriteAtlas":120},{"GI":7816},{"Director":8296},{"CloudService":7208},{"WebRequest":6635},{"VR":47114},{"SceneManager":608},{"Video":208},{"LazyScriptCache":32},{"NativeArray":33043120},{"Camera":1649},{"Secure":265},{"SerializationCache":1576},{"APIUpdating":10320},{"Subsystems":336},{"VirtualTexturing":57888},{"StaticSafetyDebugInfo":278528},{"Analytics":552},{"Hierarchy":1176},{"UIElements":982816},{"CoreStats":13688},{"Identifiers":6768},{"Gui":267608},{"EditorUtility":244723},{"VersionControl":8},{"Undo":931},{"AssetDatabase":495066},{"AssetImporter":40},{"EditorGi":328},{"UnityConnect":35345},{"Upm":1988},{"UpmDiagnostics":8},{"AssetCompliance":64},{"DrivenProperties":72},{"LocalIPC":211},{"ProfilerEditor":9746},{"CoreBusinessMetrics":3480},{"Windowing":456},{"Licensing":664},{"AssetReference":32},{"IPCStream":32}]}
>>>>>>> Stashed changes
