[2026-07-30T13:15:37.205Z][INFO] Command-line: 'C:\\Program Files\\Unity\\Hub\\Editor\\6000.5.6f1\\Editor\\Data\\Resources\\PackageManager\\Server\\UnityPackageManager.exe' server -s 2264 --ipc-path Unity-Upm-2264 -l 2 --log-file 'C:\\Users\\barna\\Documents\\home\\game with jenson\\Open-World-Game/Logs/upm.log'
[2026-07-30T13:15:37.367Z][INFO] IPC server started (IPC path=Unity-Upm-2264).
[2026-07-30T13:15:37.368Z][INFO] Hint: To connect to this UPM instance, launch Unity with the command-line parameter -upmIpcPath Upm-2264.
[2026-07-30T13:15:42.721Z][INFO] project:list-packages <-- Request received
params: {}
[2026-07-30T13:15:43.131Z][INFO] project:list-packages --> 200 (411 ms)
[2026-07-30T13:15:43.169Z][INFO] config:project:get-registries <-- Request received
params: {}
[2026-07-30T13:15:43.189Z][INFO] config:project:get-registries --> 200 (20 ms)
[2026-07-30T13:15:43.229Z][INFO] project:list-packages <-- Request received
params: {}
[2026-07-30T13:15:43.473Z][INFO] project:list-packages --> 200 (245 ms)
[2026-07-30T13:15:47.179Z][INFO] project:list-packages <-- Request received
params: {}
[2026-07-30T13:15:47.267Z][INFO] project:list-packages <-- Request received
params: {}
[2026-07-30T13:15:47.510Z][INFO] config:project:get-registries <-- Request received
params: {}
[2026-07-30T13:15:47.533Z][INFO] project:list-packages --> 200 (355 ms)
[2026-07-30T13:15:47.617Z][INFO] config:project:get-registries --> 200 (107 ms)
[2026-07-30T13:15:47.619Z][INFO] project:list-packages --> 200 (352 ms)
[2026-07-30T13:15:50.789Z][INFO] project:list-packages <-- Request received
params: {}
[2026-07-30T13:15:51.017Z][INFO] project:list-packages --> 200 (228 ms)
[2026-07-30T13:15:55.478Z][INFO] project:list-packages <-- Request received
params: {}
[2026-07-30T13:15:55.869Z][INFO] project:list-packages --> 200 (391 ms)
